<html>
<body>
<pre>
<h1>�Vision Build Log</h1>
<h2>Tool Versions:</h2>
IDE-Version: ��Vision V5.36.0.0
Copyright (C) 2021 ARM Ltd and ARM Germany GmbH. All rights reserved.
License Information: Quisper Administrator, swjtu, LIC=FYKYW-QCE4B-TGC7T-RM2FK-AFN8M-B2I9K
 
Tool Versions:
Toolchain:       MDK-ARM Plus  Version: 5.36.0.0
Toolchain Path:  C:\Embedded_development\Keil_v5\ARM\ARMCC\Bin
C Compiler:      Armcc.exe V5.06 update 7 (build 960)
Assembler:       Armasm.exe V5.06 update 7 (build 960)
Linker/Locator:  ArmLink.exe V5.06 update 7 (build 960)
Library Manager: ArmAr.exe V5.06 update 7 (build 960)
Hex Converter:   FromElf.exe V5.06 update 7 (build 960)
CPU DLL:         SARMCM3.DLL V5.36.0.0
Dialog DLL:      DCM.DLL V1.17.3.0
Target DLL:      CMSIS_AGDI.dll V1.33.0.0
Dialog DLL:      TCM.DLL V1.53.0.0
 
<h2>Project:</h2>
C:\Embedded_development\ARM_CubeMX\air-detection\MDK-ARM\air-detection.uvprojx
Project File Date:  05/04/2025

<h2>Output:</h2>
*** Using Compiler 'V5.06 update 7 (build 960)', folder: 'C:\Embedded_development\Keil_v5\ARM\ARMCC\Bin'
Build target 'air-detection'
assembling startup_stm32f103xe.s...
compiling adc.c...
compiling stm32f1xx_it.c...
compiling stm32f1xx_hal_gpio_ex.c...
compiling stm32f1xx_hal_rcc.c...
compiling stm32f1xx_hal_rcc_ex.c...
compiling gpio.c...
compiling stm32f1xx_hal_gpio.c...
compiling stm32f1xx_hal_msp.c...
compiling i2c.c...
compiling tim.c...
compiling usart.c...
compiling main.c...
../Core/Src/mq4/mq4.h(89): warning:  #1-D: last line of file ends without a newline
  #endif /* MQ4_H */
../Core/Src/sgp30/sgp30.h(42): warning:  #1-D: last line of file ends without a newline
  #endif
../Core/Src/gp2y1014au/gp2y1014au.h(18): warning:  #1-D: last line of file ends without a newline
  #endif
../Core/Src/main.c(155): warning:  #223-D: function "snprintf" declared implicitly
          int len = snprintf(buf, sizeof(buf),
../Core/Src/main.c(204): warning:  #223-D: function "snprintf" declared implicitly
      int report_len = snprintf(report, sizeof(report),
../Core/Src/main.c(115): warning:  #177-D: variable "uart_buf"  was declared but never referenced
    char uart_buf[50];      // 定义UART发送缓冲区
../Core/Src/main.c: 6 warnings, 0 errors
compiling stm32f1xx_hal_adc_ex.c...
compiling stm32f1xx_hal.c...
compiling stm32f1xx_hal_adc.c...
compiling stm32f1xx_hal_exti.c...
compiling sgp30.c...
..\Core\Src\sgp30\sgp30.h(42): warning:  #1-D: last line of file ends without a newline
  #endif
..\Core\Src\sgp30\sgp30.c(103): warning:  #1-D: last line of file ends without a newline
  }
..\Core\Src\sgp30\sgp30.c: 2 warnings, 0 errors
compiling stm32f1xx_hal_cortex.c...
compiling stm32f1xx_hal_dma.c...
compiling stm32f1xx_hal_pwr.c...
compiling stm32f1xx_hal_flash.c...
compiling gp2y1014au.c...
..\Core\Src\gp2y1014au\gp2y1014au.h(18): warning:  #1-D: last line of file ends without a newline
  #endif
..\Core\Src\gp2y1014au\gp2y1014au.c: 1 warning, 0 errors
compiling stm32f1xx_hal_flash_ex.c...
compiling dht11.c...
..\Core\Src\dht11\dht11.c(49): warning:  #177-D: variable "retry"  was declared but never referenced
  	uint8_t retry = 0;		 // 重试计数变量（未使用�?
..\Core\Src\dht11\dht11.c: 1 warning, 0 errors
compiling mq4.c...
..\Core\Src\mq4\mq4.h(89): warning:  #1-D: last line of file ends without a newline
  #endif /* MQ4_H */
..\Core\Src\mq4\mq4.c(177): warning:  #1-D: last line of file ends without a newline
  }
..\Core\Src\mq4\mq4.c: 2 warnings, 0 errors
compiling stm32f1xx_hal_i2c.c...
compiling system_stm32f1xx.c...
compiling stm32f1xx_hal_tim.c...
compiling stm32f1xx_hal_uart.c...
compiling stm32f1xx_hal_tim_ex.c...
linking...
Program Size: Code=24458 RO-data=858 RW-data=44 ZI-data=2036  
FromELF: creating hex file...
"air-detection\air-detection.axf" - 0 Error(s), 12 Warning(s).

<h2>Software Packages used:</h2>

Package Vendor: ARM
                http://www.keil.com/pack/ARM.CMSIS.5.8.0.pack
                ARM.CMSIS.5.8.0
                CMSIS (Common Microcontroller Software Interface Standard)
   * Component: CORE Version: 5.5.0

Package Vendor: Keil
                https://www.keil.com/pack/Keil.STM32F1xx_DFP.2.4.1.pack
                Keil.STM32F1xx_DFP.2.4.1
                STMicroelectronics STM32F1 Series Device Support, Drivers and Examples

<h2>Collection of Component include folders:</h2>
  .\RTE\_air-detection
  C:\Embedded_development\Arm\Packs\ARM\CMSIS\5.8.0\CMSIS\Core\Include
  C:\Embedded_development\Arm\Packs\Keil\STM32F1xx_DFP\2.4.1\Device\Include

<h2>Collection of Component Files used:</h2>

   * Component: ARM::CMSIS:CORE:5.5.0
      Include file:  CMSIS\Core\Include\tz_context.h
Build Time Elapsed:  00:00:12
</pre>
</body>
</html>
