Component: ARM Compiler 5.06 update 7 (build 960) Tool: armlink [4d3601]

==============================================================================

Section Cross References

    startup_stm32f103xe.o(STACK) refers (Special) to heapauxi.o(.text) for __use_two_region_memory
    startup_stm32f103xe.o(HEAP) refers (Special) to heapauxi.o(.text) for __use_two_region_memory
    startup_stm32f103xe.o(RESET) refers (Special) to heapauxi.o(.text) for __use_two_region_memory
    startup_stm32f103xe.o(RESET) refers to startup_stm32f103xe.o(STACK) for __initial_sp
    startup_stm32f103xe.o(RESET) refers to startup_stm32f103xe.o(.text) for Reset_Handler
    startup_stm32f103xe.o(RESET) refers to stm32f1xx_it.o(i.NMI_Handler) for NMI_Handler
    startup_stm32f103xe.o(RESET) refers to stm32f1xx_it.o(i.HardFault_Handler) for HardFault_Handler
    startup_stm32f103xe.o(RESET) refers to stm32f1xx_it.o(i.MemManage_Handler) for MemManage_Handler
    startup_stm32f103xe.o(RESET) refers to stm32f1xx_it.o(i.BusFault_Handler) for BusFault_Handler
    startup_stm32f103xe.o(RESET) refers to stm32f1xx_it.o(i.UsageFault_Handler) for UsageFault_Handler
    startup_stm32f103xe.o(RESET) refers to stm32f1xx_it.o(i.SVC_Handler) for SVC_Handler
    startup_stm32f103xe.o(RESET) refers to stm32f1xx_it.o(i.DebugMon_Handler) for DebugMon_Handler
    startup_stm32f103xe.o(RESET) refers to stm32f1xx_it.o(i.PendSV_Handler) for PendSV_Handler
    startup_stm32f103xe.o(RESET) refers to stm32f1xx_it.o(i.SysTick_Handler) for SysTick_Handler
    startup_stm32f103xe.o(.text) refers (Special) to heapauxi.o(.text) for __use_two_region_memory
    startup_stm32f103xe.o(.text) refers to system_stm32f1xx.o(i.SystemInit) for SystemInit
    startup_stm32f103xe.o(.text) refers to __main.o(!!!main) for __main
    startup_stm32f103xe.o(.text) refers to startup_stm32f103xe.o(HEAP) for Heap_Mem
    startup_stm32f103xe.o(.text) refers to startup_stm32f103xe.o(STACK) for Stack_Mem
    main.o(i.SystemClock_Config) refers to rt_memclr_w.o(.text) for __aeabi_memclr4
    main.o(i.SystemClock_Config) refers to stm32f1xx_hal_rcc.o(i.HAL_RCC_OscConfig) for HAL_RCC_OscConfig
    main.o(i.SystemClock_Config) refers to stm32f1xx_hal_rcc.o(i.HAL_RCC_ClockConfig) for HAL_RCC_ClockConfig
    main.o(i.SystemClock_Config) refers to stm32f1xx_hal_rcc_ex.o(i.HAL_RCCEx_PeriphCLKConfig) for HAL_RCCEx_PeriphCLKConfig
    main.o(i.main) refers to _printf_percent.o(.ARM.Collect$$_printf_percent$$00000000) for _printf_percent
    main.o(i.main) refers to _printf_d.o(.ARM.Collect$$_printf_percent$$00000009) for _printf_d
    main.o(i.main) refers to _printf_dec.o(.text) for _printf_int_dec
    main.o(i.main) refers to _printf_u.o(.ARM.Collect$$_printf_percent$$0000000A) for _printf_u
    main.o(i.main) refers to _printf_f.o(.ARM.Collect$$_printf_percent$$00000003) for _printf_f
    main.o(i.main) refers to printf1.o(x$fpl$printf1) for _printf_fp_dec
    main.o(i.main) refers to stm32f1xx_hal.o(i.HAL_Init) for HAL_Init
    main.o(i.main) refers to main.o(i.SystemClock_Config) for SystemClock_Config
    main.o(i.main) refers to main.o(i.Enable_DWT) for Enable_DWT
    main.o(i.main) refers to gpio.o(i.MX_GPIO_Init) for MX_GPIO_Init
    main.o(i.main) refers to usart.o(i.MX_USART1_UART_Init) for MX_USART1_UART_Init
    main.o(i.main) refers to adc.o(i.MX_ADC1_Init) for MX_ADC1_Init
    main.o(i.main) refers to i2c.o(i.MX_I2C2_Init) for MX_I2C2_Init
    main.o(i.main) refers to adc.o(i.MX_ADC2_Init) for MX_ADC2_Init
    main.o(i.main) refers to tim.o(i.MX_TIM3_Init) for MX_TIM3_Init
    main.o(i.main) refers to usart.o(i.MX_UART4_Init) for MX_UART4_Init
    main.o(i.main) refers to dht11.o(i.DHT11_Init) for DHT11_Init
    main.o(i.main) refers to mq4.o(i.MQ4_Init) for MQ4_Init
    main.o(i.main) refers to sgp30.o(i.sgp30_init) for sgp30_init
    main.o(i.main) refers to stm32f1xx_hal_uart.o(i.HAL_UART_Transmit) for HAL_UART_Transmit
    main.o(i.main) refers to gp2y1014au.o(i.GP2Y1014AU_Init) for GP2Y1014AU_Init
    main.o(i.main) refers to mq4.o(i.MQ4_GetCalibStatus) for MQ4_GetCalibStatus
    main.o(i.main) refers to mq4.o(i.MQ4_Calibrate) for MQ4_Calibrate
    main.o(i.main) refers to stm32f1xx_hal.o(i.HAL_GetTick) for HAL_GetTick
    main.o(i.main) refers to mq4.o(i.MQ4_GetRemainingTime) for MQ4_GetRemainingTime
    main.o(i.main) refers to mq4.o(i.MQ4_GetCalibrationTotal) for MQ4_GetCalibrationTotal
    main.o(i.main) refers to mq4.o(i.MQ4_GetSampleCount) for MQ4_GetSampleCount
    main.o(i.main) refers to __2snprintf.o(.text) for __2snprintf
    main.o(i.main) refers to dht11.o(i.DHT11_Read) for DHT11_Read
    main.o(i.main) refers to mq4.o(i.MQ4_ReadPPM) for MQ4_ReadPPM
    main.o(i.main) refers to sgp30.o(i.sgp30_read) for sgp30_read
    main.o(i.main) refers to gp2y1014au.o(i.GP2Y1014AU_ReadDustDensity) for GP2Y1014AU_ReadDustDensity
    main.o(i.main) refers to f2d.o(x$fpl$f2d) for __aeabi_f2d
    main.o(i.main) refers to stm32f1xx_hal.o(i.HAL_Delay) for HAL_Delay
[...]
    i.HAL_RCC_GetPCLK2Freq                   0x08002770   Section        0  stm32f1xx_hal_rcc.o(i.HAL_RCC_GetPCLK2Freq)
    i.HAL_RCC_GetSysClockFreq                0x08002790   Section        0  stm32f1xx_hal_rcc.o(i.HAL_RCC_GetSysClockFreq)
    i.HAL_RCC_OscConfig                      0x080027fc   Section        0  stm32f1xx_hal_rcc.o(i.HAL_RCC_OscConfig)
    i.HAL_SYSTICK_Config                     0x08002b1c   Section        0  stm32f1xx_hal_cortex.o(i.HAL_SYSTICK_Config)
    i.HAL_TIMEx_MasterConfigSynchronization  0x08002b44   Section        0  stm32f1xx_hal_tim_ex.o(i.HAL_TIMEx_MasterConfigSynchronization)
    i.HAL_TIM_MspPostInit                    0x08002bc0   Section        0  tim.o(i.HAL_TIM_MspPostInit)
    i.HAL_TIM_PWM_ConfigChannel              0x08002c08   Section        0  stm32f1xx_hal_tim.o(i.HAL_TIM_PWM_ConfigChannel)
    i.HAL_TIM_PWM_Init                       0x08002cce   Section        0  stm32f1xx_hal_tim.o(i.HAL_TIM_PWM_Init)
    i.HAL_TIM_PWM_MspInit                    0x08002d28   Section        0  tim.o(i.HAL_TIM_PWM_MspInit)
    i.HAL_TIM_PWM_Start                      0x08002d50   Section        0  stm32f1xx_hal_tim.o(i.HAL_TIM_PWM_Start)
    i.HAL_UART_Init                          0x08002e04   Section        0  stm32f1xx_hal_uart.o(i.HAL_UART_Init)
    i.HAL_UART_MspInit                       0x08002e68   Section        0  usart.o(i.HAL_UART_MspInit)
    i.HAL_UART_Transmit                      0x08002f24   Section        0  stm32f1xx_hal_uart.o(i.HAL_UART_Transmit)
    i.HardFault_Handler                      0x08002fd6   Section        0  stm32f1xx_it.o(i.HardFault_Handler)
    i.I2C_IsAcknowledgeFailed                0x08002fd8   Section        0  stm32f1xx_hal_i2c.o(i.I2C_IsAcknowledgeFailed)
    I2C_IsAcknowledgeFailed                  0x08002fd9   Thumb Code    46  stm32f1xx_hal_i2c.o(i.I2C_IsAcknowledgeFailed)
    i.I2C_MasterRequestRead                  0x08003008   Section        0  stm32f1xx_hal_i2c.o(i.I2C_MasterRequestRead)
    I2C_MasterRequestRead                    0x08003009   Thumb Code   230  stm32f1xx_hal_i2c.o(i.I2C_MasterRequestRead)
    i.I2C_MasterRequestWrite                 0x080030f4   Section        0  stm32f1xx_hal_i2c.o(i.I2C_MasterRequestWrite)
    I2C_MasterRequestWrite                   0x080030f5   Thumb Code   150  stm32f1xx_hal_i2c.o(i.I2C_MasterRequestWrite)
    i.I2C_WaitOnBTFFlagUntilTimeout          0x08003190   Section        0  stm32f1xx_hal_i2c.o(i.I2C_WaitOnBTFFlagUntilTimeout)
    I2C_WaitOnBTFFlagUntilTimeout            0x08003191   Thumb Code    76  stm32f1xx_hal_i2c.o(i.I2C_WaitOnBTFFlagUntilTimeout)
    i.I2C_WaitOnFlagUntilTimeout             0x080031dc   Section        0  stm32f1xx_hal_i2c.o(i.I2C_WaitOnFlagUntilTimeout)
    I2C_WaitOnFlagUntilTimeout               0x080031dd   Thumb Code   104  stm32f1xx_hal_i2c.o(i.I2C_WaitOnFlagUntilTimeout)
    i.I2C_WaitOnMasterAddressFlagUntilTimeout 0x08003244   Section        0  stm32f1xx_hal_i2c.o(i.I2C_WaitOnMasterAddressFlagUntilTimeout)
    I2C_WaitOnMasterAddressFlagUntilTimeout  0x08003245   Thumb Code   150  stm32f1xx_hal_i2c.o(i.I2C_WaitOnMasterAddressFlagUntilTimeout)
    i.I2C_WaitOnRXNEFlagUntilTimeout         0x080032da   Section        0  stm32f1xx_hal_i2c.o(i.I2C_WaitOnRXNEFlagUntilTimeout)
    I2C_WaitOnRXNEFlagUntilTimeout           0x080032db   Thumb Code   102  stm32f1xx_hal_i2c.o(i.I2C_WaitOnRXNEFlagUntilTimeout)
    i.I2C_WaitOnTXEFlagUntilTimeout          0x08003340   Section        0  stm32f1xx_hal_i2c.o(i.I2C_WaitOnTXEFlagUntilTimeout)
    I2C_WaitOnTXEFlagUntilTimeout            0x08003341   Thumb Code    76  stm32f1xx_hal_i2c.o(i.I2C_WaitOnTXEFlagUntilTimeout)
    i.MQ4_Calibrate                          0x0800338c   Section        0  mq4.o(i.MQ4_Calibrate)
    i.MQ4_GetCalibStatus                     0x0800342c   Section        0  mq4.o(i.MQ4_GetCalibStatus)
    i.MQ4_GetCalibrationTotal                0x08003438   Section        0  mq4.o(i.MQ4_GetCalibrationTotal)
    i.MQ4_GetRemainingTime                   0x0800343c   Section        0  mq4.o(i.MQ4_GetRemainingTime)
    i.MQ4_GetSampleCount                     0x08003454   Section        0  mq4.o(i.MQ4_GetSampleCount)
    i.MQ4_Init                               0x08003460   Section        0  mq4.o(i.MQ4_Init)
    i.MQ4_ReadPPM                            0x08003474   Section        0  mq4.o(i.MQ4_ReadPPM)
    i.MX_ADC1_Init                           0x0800350c   Section        0  adc.o(i.MX_ADC1_Init)
    i.MX_ADC2_Init                           0x0800355c   Section        0  adc.o(i.MX_ADC2_Init)
    i.MX_GPIO_Init                           0x080035ac   Section        0  gpio.o(i.MX_GPIO_Init)
    i.MX_I2C2_Init                           0x08003678   Section        0  i2c.o(i.MX_I2C2_Init)
    i.MX_TIM3_Init                           0x080036b8   Section        0  tim.o(i.MX_TIM3_Init)
    i.MX_UART4_Init                          0x0800372c   Section        0  usart.o(i.MX_UART4_Init)
    i.MX_USART1_UART_Init                    0x08003764   Section        0  usart.o(i.MX_USART1_UART_Init)
    i.MemManage_Handler                      0x0800379c   Section        0  stm32f1xx_it.o(i.MemManage_Handler)
    i.NMI_Handler                            0x0800379e   Section        0  stm32f1xx_it.o(i.NMI_Handler)
    i.PendSV_Handler                         0x080037a0   Section        0  stm32f1xx_it.o(i.PendSV_Handler)
    i.SVC_Handler                            0x080037a2   Section        0  stm32f1xx_it.o(i.SVC_Handler)
    i.SysTick_Handler                        0x080037a4   Section        0  stm32f1xx_it.o(i.SysTick_Handler)
    i.SystemClock_Config                     0x080037a8   Section        0  main.o(i.SystemClock_Config)
    i.SystemInit                             0x08003822   Section        0  system_stm32f1xx.o(i.SystemInit)
    i.TIM_Base_SetConfig                     0x08003824   Section        0  stm32f1xx_hal_tim.o(i.TIM_Base_SetConfig)
    i.TIM_CCxChannelCmd                      0x080038b0   Section        0  stm32f1xx_hal_tim.o(i.TIM_CCxChannelCmd)
    i.TIM_OC1_SetConfig                      0x080038cc   Section        0  stm32f1xx_hal_tim.o(i.TIM_OC1_SetConfig)
    TIM_OC1_SetConfig                        0x080038cd   Thumb Code    88  stm32f1xx_hal_tim.o(i.TIM_OC1_SetConfig)
    i.TIM_OC2_SetConfig                      0x0800392c   Section        0  stm32f1xx_hal_tim.o(i.TIM_OC2_SetConfig)
    i.TIM_OC3_SetConfig                      0x08003998   Section        0  stm32f1xx_hal_tim.o(i.TIM_OC3_SetConfig)
    TIM_OC3_SetConfig                        0x08003999   Thumb Code    96  stm32f1xx_hal_tim.o(i.TIM_OC3_SetConfig)
    i.TIM_OC4_SetConfig                      0x08003a00   Section        0  stm32f1xx_hal_tim.o(i.TIM_OC4_SetConfig)
    TIM_OC4_SetConfig                        0x08003a01   Thumb Code    70  stm32f1xx_hal_tim.o(i.TIM_OC4_SetConfig)
    i.UART_SetConfig                         0x08003a50   Section        0  stm32f1xx_hal_uart.o(i.UART_SetConfig)
    UART_SetConfig                           0x08003a51   Thumb Code   178  stm32f1xx_hal_uart.o(i.UART_SetConfig)
    i.UART_WaitOnFlagUntilTimeout            0x08003b08   Section        0  stm32f1xx_hal_uart.o(i.UART_WaitOnFlagUntilTimeout)
    UART_WaitOnFlagUntilTimeout              0x08003b09   Thumb Code   100  stm32f1xx_hal_uart.o(i.UART_WaitOnFlagUntilTimeout)
    i.UsageFault_Handler                     0x08003b6c   Section        0  stm32f1xx_it.o(i.UsageFault_Handler)
    i.__ARM_fpclassify                       0x08003b6e   Section        0  fpclassify.o(i.__ARM_fpclassify)
    i.__NVIC_SetPriority                     0x08003b96   Section        0  stm32f1xx_hal_cortex.o(i.__NVIC_SetPriority)
    __NVIC_SetPriority                       0x08003b97   Thumb Code    32  stm32f1xx_hal_cortex.o(i.__NVIC_SetPriority)
    i.__kernel_poly                          0x08003bb6   Section        0  poly.o(i.__kernel_poly)
    i.__mathlib_dbl_divzero                  0x08003c60   Section        0  dunder.o(i.__mathlib_dbl_divzero)
    i.__mathlib_dbl_infnan                   0x08003c70   Section        0  dunder.o(i.__mathlib_dbl_infnan)
    i.__mathlib_dbl_infnan2                  0x08003c76   Section        0  dunder.o(i.__mathlib_dbl_infnan2)
    i.__mathlib_dbl_invalid                  0x08003c7a   Section        0  dunder.o(i.__mathlib_dbl_invalid)
    i.__mathlib_dbl_overflow                 0x08003c86   Section        0  dunder.o(i.__mathlib_dbl_overflow)
    i.__mathlib_dbl_underflow                0x08003c94   Section        0  dunder.o(i.__mathlib_dbl_underflow)
    i._is_digit                              0x08003ca4   Section        0  __printf_wp.o(i._is_digit)
    i.delay_us                               0x08003cb4   Section        0  dht11.o(i.delay_us)
    delay_us                                 0x08003cb5   Thumb Code    26  dht11.o(i.delay_us)
    i.log                                    0x08003cdc   Section        0  log.o(i.log)
    i.log10                                  0x08004038   Section        0  log10.o(i.log10)
    i.main                                   0x0800411c   Section        0  main.o(i.main)
    i.pow                                    0x08004340   Section        0  pow.o(i.pow)
    i.read_adc                               0x08004d18   Section        0  mq4.o(i.read_adc)
    read_adc                                 0x08004d19   Thumb Code    28  mq4.o(i.read_adc)
    i.sgp30_crc                              0x08004d38   Section        0  sgp30.o(i.sgp30_crc)
    i.sgp30_init                             0x08004d6c   Section        0  sgp30.o(i.sgp30_init)
    i.sgp30_read                             0x08004dc0   Section        0  sgp30.o(i.sgp30_read)
    i.sqrt                                   0x08004e38   Section        0  sqrt.o(i.sqrt)
    locale$$code                             0x08004e84   Section       44  lc_numeric_c.o(locale$$code)
    x$fpl$d2f                                0x08004eb0   Section       98  d2f.o(x$fpl$d2f)
    x$fpl$dadd                               0x08004f14   Section      336  daddsub_clz.o(x$fpl$dadd)
    _dadd1                                   0x08004f25   Thumb Code     0  daddsub_clz.o(x$fpl$dadd)
    x$fpl$dcheck1                            0x08005064   Section       16  dcheck1.o(x$fpl$dcheck1)
    x$fpl$dcmpinf                            0x08005074   Section       24  dcmpi.o(x$fpl$dcmpinf)
    x$fpl$ddiv                               0x0800508c   Section      688  ddiv.o(x$fpl$ddiv)
    ddiv_entry                               0x08005093   Thumb Code     0  ddiv.o(x$fpl$ddiv)
    x$fpl$deqf                               0x0800533c   Section      120  deqf.o(x$fpl$deqf)
    x$fpl$dflt                               0x080053b4   Section       46  dflt_clz.o(x$fpl$dflt)
    x$fpl$dleqf                              0x080053e4   Section      120  dleqf.o(x$fpl$dleqf)
    x$fpl$dmul                               0x0800545c   Section      340  dmul.o(x$fpl$dmul)
    x$fpl$dnaninf                            0x080055b0   Section      156  dnaninf.o(x$fpl$dnaninf)
    x$fpl$dretinf                            0x0800564c   Section       12  dretinf.o(x$fpl$dretinf)
    x$fpl$drleqf                             0x08005658   Section      108  drleqf.o(x$fpl$drleqf)
    x$fpl$drsb                               0x080056c4   Section       22  daddsub_clz.o(x$fpl$drsb)
    x$fpl$dsqrt                              0x080056dc   Section      460  dsqrt_noumaal.o(x$fpl$dsqrt)
    x$fpl$dsub                               0x080058a8   Section      468  daddsub_clz.o(x$fpl$dsub)
    _dsub1                                   0x080058b9   Thumb Code     0  daddsub_clz.o(x$fpl$dsub)
    x$fpl$f2d                                0x08005a7c   Section       86  f2d.o(x$fpl$f2d)
    x$fpl$fadd                               0x08005ad4   Section      196  faddsub_clz.o(x$fpl$fadd)
    _fadd1                                   0x08005ae3   Thumb Code     0  faddsub_clz.o(x$fpl$fadd)
    x$fpl$fcheck1                            0x08005b98   Section       12  fcheck1.o(x$fpl$fcheck1)
    x$fpl$fdiv                               0x08005ba4   Section      388  fdiv.o(x$fpl$fdiv)
    _fdiv1                                   0x08005ba5   Thumb Code     0  fdiv.o(x$fpl$fdiv)
    x$fpl$ffltu                              0x08005d28   Section       38  fflt_clz.o(x$fpl$ffltu)
    x$fpl$fmul                               0x08005d50   Section      258  fmul.o(x$fpl$fmul)
    x$fpl$fnaninf                            0x08005e52   Section      140  fnaninf.o(x$fpl$fnaninf)
    x$fpl$fretinf                            0x08005ede   Section       10  fretinf.o(x$fpl$fretinf)
    x$fpl$fsub                               0x08005ee8   Section      234  faddsub_clz.o(x$fpl$fsub)
    _fsub1                                   0x08005ef7   Thumb Code     0  faddsub_clz.o(x$fpl$fsub)
    x$fpl$printf1                            0x08005fd2   Section        4  printf1.o(x$fpl$printf1)
    x$fpl$retnan                             0x08005fd6   Section      100  retnan.o(x$fpl$retnan)
    x$fpl$scalbn                             0x0800603a   Section       92  scalbn.o(x$fpl$scalbn)
    x$fpl$scalbnf                            0x08006096   Section       76  scalbnf.o(x$fpl$scalbnf)
    x$fpl$trapveneer                         0x080060e2   Section       48  trapv.o(x$fpl$trapveneer)
    .constdata                               0x08006112   Section       16  system_stm32f1xx.o(.constdata)
    x$fpl$usenofp                            0x08006112   Section        0  usenofp.o(x$fpl$usenofp)
    .constdata                               0x08006122   Section        8  system_stm32f1xx.o(.constdata)
    .constdata                               0x08006130   Section      136  pow.o(.constdata)
    bp                                       0x08006130   Data          16  pow.o(.constdata)
    dp_h                                     0x08006140   Data          16  pow.o(.constdata)
    dp_l                                     0x08006150   Data          16  pow.o(.constdata)
    L                                        0x08006160   Data          48  pow.o(.constdata)
    P                                        0x08006190   Data          40  pow.o(.constdata)
    .constdata                               0x080061b8   Section       56  log.o(.constdata)
    Lg2                                      0x080061b8   Data          24  log.o(.constdata)
    Lg                                       0x080061d0   Data          32  log.o(.constdata)
    .constdata                               0x080061f0   Section        8  qnan.o(.constdata)
    .constdata                               0x080061f8   Section      148  bigflt0.o(.constdata)
    tenpwrs_x                                0x080061f8   Data          60  bigflt0.o(.constdata)
    tenpwrs_i                                0x08006234   Data          64  bigflt0.o(.constdata)
    .conststring                             0x0800628c   Section      115  main.o(.conststring)
    locale$$data                             0x08006320   Section       28  lc_numeric_c.o(locale$$data)
    __lcnum_c_name                           0x08006324   Data           2  lc_numeric_c.o(locale$$data)
    __lcnum_c_start                          0x0800632c   Data           0  lc_numeric_c.o(locale$$data)
    __lcnum_c_point                          0x08006338   Data           0  lc_numeric_c.o(locale$$data)
    __lcnum_c_thousands                      0x0800633a   Data           0  lc_numeric_c.o(locale$$data)
    __lcnum_c_grouping                       0x0800633b   Data           0  lc_numeric_c.o(locale$$data)
    __lcnum_c_end                            0x0800633c   Data           0  lc_numeric_c.o(locale$$data)
    .data                                    0x20000000   Section        4  main.o(.data)
    last_msg                                 0x20000000   Data           4  main.o(.data)
    .data                                    0x20000004   Section       12  stm32f1xx_hal.o(.data)
    .data                                    0x20000010   Section        4  system_stm32f1xx.o(.data)
    .data                                    0x20000014   Section        8  mq4.o(.data)
    hadc_mq4                                 0x20000014   Data           4  mq4.o(.data)
    R0                                       0x20000018   Data           4  mq4.o(.data)
    .data                                    0x2000001c   Section        8  dht11.o(.data)
    DHT_PIN                                  0x2000001c   Data           2  dht11.o(.data)
    DHT_GPIO                                 0x20000020   Data           4  dht11.o(.data)
    .data                                    0x20000024   Section        8  gp2y1014au.o(.data)
    hadc_dust                                0x20000024   Data           4  gp2y1014au.o(.data)
    htim_pwm                                 0x20000028   Data           4  gp2y1014au.o(.data)
    .bss                                     0x2000002c   Section       96  adc.o(.bss)
    .bss                                     0x2000008c   Section       84  i2c.o(.bss)
    .bss                                     0x200000e0   Section       72  tim.o(.bss)
    .bss                                     0x20000128   Section      136  usart.o(.bss)
    .bss                                     0x200001b0   Section       16  mq4.o(.bss)
    calibration                              0x200001b0   Data          16  mq4.o(.bss)
    .bss                                     0x200001c0   Section       96  libspace.o(.bss)
    HEAP                                     0x20000220   Section      512  startup_stm32f103xe.o(HEAP)
    Heap_Mem                                 0x20000220   Data         512  startup_stm32f103xe.o(HEAP)
    STACK                                    0x20000420   Section     1024  startup_stm32f103xe.o(STACK)
    Stack_Mem                                0x20000420   Data        1024  startup_stm32f103xe.o(STACK)
    __initial_sp                             0x20000820   Data           0  startup_stm32f103xe.o(STACK)

    Global Symbols

    Symbol Name                              Value     Ov Type        Size  Object(Section)

    BuildAttributes$$THM_ISAv4$P$D$K$B$S$PE$A:L22UL41UL21$X:L11$S22US41US21$IEEE1$IW$USESV6$~STKCKD$USESV7$~SHL$OTIME$ROPI$IEEEX$EBA8$UX$STANDARDLIB$REQ8$PRES8$EABIv2 0x00000000   Number         0  anon$$obj.o ABSOLUTE
    __ARM_use_no_argv                        0x00000000   Number         0  main.o ABSOLUTE
    _printf_flags                            0x00000000   Number         0  printf_stubs.o ABSOLUTE
    _printf_return_value                     0x00000000   Number         0  printf_stubs.o ABSOLUTE
    _printf_sizespec                         0x00000000   Number         0  printf_stubs.o ABSOLUTE
    _printf_widthprec                        0x00000000   Number         0  printf_stubs.o ABSOLUTE
    __ARM_exceptions_init                     - Undefined Weak Reference
    __alloca_initialize                       - Undefined Weak Reference
    __arm_fini_                               - Undefined Weak Reference
    __arm_preinit_                            - Undefined Weak Reference
    __cpp_initialize__aeabi_                  - Undefined Weak Reference
    __cxa_finalize                            - Undefined Weak Reference
    __sigvec_lookup                           - Undefined Weak Reference
    _atexit_init                              - Undefined Weak Reference
    _call_atexit_fns                          - Undefined Weak Reference
    _clock_init                               - Undefined Weak Reference
    _fp_trap_init                             - Undefined Weak Reference
    _fp_trap_shutdown                         - Undefined Weak Reference
    _get_lc_collate                           - Undefined Weak Reference
    _get_lc_ctype                             - Undefined Weak Reference
    _get_lc_monetary                          - Undefined Weak Reference
    _get_lc_time                              - Undefined Weak Reference
    _getenv_init                              - Undefined Weak Reference
    _handle_redirection                       - Undefined Weak Reference
    _init_alloc                               - Undefined Weak Reference
    _init_user_alloc                          - Undefined Weak Reference
    _initio                                   - Undefined Weak Reference
    _printf_post_padding                      - Undefined Weak Reference
    _printf_pre_padding                       - Undefined Weak Reference
    _printf_truncate_signed                   - Undefined Weak Reference
    _printf_truncate_unsigned                 - Undefined Weak Reference
    _rand_init                                - Undefined Weak Reference
    _signal_finish                            - Undefined Weak Reference
    _signal_init                              - Undefined Weak Reference
    _terminate_alloc                          - Undefined Weak Reference
    _terminate_user_alloc                     - Undefined Weak Reference
    _terminateio                              - Undefined Weak Reference
    __Vectors_Size                           0x00000130   Number         0  startup_stm32f103xe.o ABSOLUTE
    __Vectors                                0x08000000   Data           4  startup_stm32f103xe.o(RESET)
    __Vectors_End                            0x08000130   Data           0  startup_stm32f103xe.o(RESET)
    __main                                   0x08000131   Thumb Code     8  __main.o(!!!main)
    __scatterload                            0x08000139   Thumb Code     0  __scatter.o(!!!scatter)
    __scatterload_rt2                        0x08000139   Thumb Code    44  __scatter.o(!!!scatter)
    __scatterload_rt2_thumb_only             0x08000139   Thumb Code     0  __scatter.o(!!!scatter)
    __scatterload_null                       0x08000147   Thumb Code     0  __scatter.o(!!!scatter)
    __scatterload_copy                       0x0800016d   Thumb Code    26  __scatter_copy.o(!!handler_copy)
    __scatterload_zeroinit                   0x08000189   Thumb Code    28  __scatter_zi.o(!!handler_zi)
    _printf_f                                0x080001a5   Thumb Code     0  _printf_f.o(.ARM.Collect$$_printf_percent$$00000003)
    _printf_percent                          0x080001a5   Thumb Code     0  _printf_percent.o(.ARM.Collect$$_printf_percent$$00000000)
    _printf_d                                0x080001ab   Thumb Code     0  _printf_d.o(.ARM.Collect$$_printf_percent$$00000009)
    _printf_u                                0x080001b1   Thumb Code     0  _printf_u.o(.ARM.Collect$$_printf_percent$$0000000A)
    _printf_percent_end                      0x080001b7   Thumb Code     0  _printf_percent_end.o(.ARM.Collect$$_printf_percent$$00000017)
    __rt_lib_init                            0x080001bb   Thumb Code     0  libinit.o(.ARM.Collect$$libinit$$00000000)
    __rt_lib_init_fp_1                       0x080001bd   Thumb Code     0  libinit2.o(.ARM.Collect$$libinit$$00000002)
    __rt_lib_init_heap_1                     0x080001bd   Thumb Code     0  libinit2.o(.ARM.Collect$$libinit$$0000000A)
    __rt_lib_init_lc_common                  0x080001bd   Thumb Code     0  libinit2.o(.ARM.Collect$$libinit$$0000000F)
    __rt_lib_init_preinit_1                  0x080001bd   Thumb Code     0  libinit2.o(.ARM.Collect$$libinit$$00000004)
    __rt_lib_init_rand_1                     0x080001bd   Thumb Code     0  libinit2.o(.ARM.Collect$$libinit$$0000000E)
    __rt_lib_init_user_alloc_1               0x080001bd   Thumb Code     0  libinit2.o(.ARM.Collect$$libinit$$0000000C)
    __rt_lib_init_lc_collate_1               0x080001c3   Thumb Code     0  libinit2.o(.ARM.Collect$$libinit$$00000011)
    __rt_lib_init_lc_ctype_1                 0x080001c3   Thumb Code     0  libinit2.o(.ARM.Collect$$libinit$$00000013)
    __rt_lib_init_lc_monetary_1              0x080001c3   Thumb Code     0  libinit2.o(.ARM.Collect$$libinit$$00000015)
    __rt_lib_init_lc_numeric_2               0x080001c3   Thumb Code     0  libinit2.o(.ARM.Collect$$libinit$$00000016)
    __rt_lib_init_alloca_1                   0x080001cd   Thumb Code     0  libinit2.o(.ARM.Collect$$libinit$$0000002E)
    __rt_lib_init_argv_1                     0x080001cd   Thumb Code     0  libinit2.o(.ARM.Collect$$libinit$$0000002C)
    __rt_lib_init_atexit_1                   0x080001cd   Thumb Code     0  libinit2.o(.ARM.Collect$$libinit$$0000001B)
    __rt_lib_init_clock_1                    0x080001cd   Thumb Code     0  libinit2.o(.ARM.Collect$$libinit$$00000021)
    __rt_lib_init_cpp_1                      0x080001cd   Thumb Code     0  libinit2.o(.ARM.Collect$$libinit$$00000032)
    __rt_lib_init_exceptions_1               0x080001cd   Thumb Code     0  libinit2.o(.ARM.Collect$$libinit$$00000030)
    __rt_lib_init_fp_trap_1                  0x080001cd   Thumb Code     0  libinit2.o(.ARM.Collect$$libinit$$0000001F)
    __rt_lib_init_getenv_1                   0x080001cd   Thumb Code     0  libinit2.o(.ARM.Collect$$libinit$$00000023)
    __rt_lib_init_lc_numeric_1               0x080001cd   Thumb Code     0  libinit2.o(.ARM.Collect$$libinit$$00000017)
    __rt_lib_init_lc_time_1                  0x080001cd   Thumb Code     0  libinit2.o(.ARM.Collect$$libinit$$00000019)
    __rt_lib_init_return                     0x080001cd   Thumb Code     0  libinit2.o(.ARM.Collect$$libinit$$00000033)
    __rt_lib_init_signal_1                   0x080001cd   Thumb Code     0  libinit2.o(.ARM.Collect$$libinit$$0000001D)
    __rt_lib_init_stdio_1                    0x080001cd   Thumb Code     0  libinit2.o(.ARM.Collect$$libinit$$00000025)
    __rt_lib_shutdown                        0x080001cf   Thumb Code     0  libshutdown.o(.ARM.Collect$$libshutdown$$00000000)
    __rt_lib_shutdown_cpp_1                  0x080001d1   Thumb Code     0  libshutdown2.o(.ARM.Collect$$libshutdown$$00000004)
    __rt_lib_shutdown_fini_1                 0x080001d1   Thumb Code     0  libshutdown2.o(.ARM.Collect$$libshutdown$$00000002)
    __rt_lib_shutdown_fp_trap_1              0x080001d1   Thumb Code     0  libshutdown2.o(.ARM.Collect$$libshutdown$$00000009)
    __rt_lib_shutdown_heap_1                 0x080001d1   Thumb Code     0  libshutdown2.o(.ARM.Collect$$libshutdown$$00000011)
    __rt_lib_shutdown_return                 0x080001d1   Thumb Code     0  libshutdown2.o(.ARM.Collect$$libshutdown$$00000012)
    __rt_lib_shutdown_signal_1               0x080001d1   Thumb Code     0  libshutdown2.o(.ARM.Collect$$libshutdown$$0000000C)
    __rt_lib_shutdown_stdio_1                0x080001d1   Thumb Code     0  libshutdown2.o(.ARM.Collect$$libshutdown$$00000006)
    __rt_lib_shutdown_user_alloc_1           0x080001d1   Thumb Code     0  libshutdown2.o(.ARM.Collect$$libshutdown$$0000000E)
    __rt_entry                               0x080001d3   Thumb Code     0  __rtentry.o(.ARM.Collect$$rtentry$$00000000)
    __rt_entry_presh_1                       0x080001d3   Thumb Code     0  __rtentry2.o(.ARM.Collect$$rtentry$$00000002)
    __rt_entry_sh                            0x080001d3   Thumb Code     0  __rtentry4.o(.ARM.Collect$$rtentry$$00000004)
    __rt_entry_li                            0x080001d9   Thumb Code     0  __rtentry2.o(.ARM.Collect$$rtentry$$0000000A)
    __rt_entry_postsh_1                      0x080001d9   Thumb Code     0  __rtentry2.o(.ARM.Collect$$rtentry$$00000009)
    __rt_entry_main                          0x080001dd   Thumb Code     0  __rtentry2.o(.ARM.Collect$$rtentry$$0000000D)
    __rt_entry_postli_1                      0x080001dd   Thumb Code     0  __rtentry2.o(.ARM.Collect$$rtentry$$0000000C)
    __rt_exit                                0x080001e5   Thumb Code     0  rtexit.o(.ARM.Collect$$rtexit$$00000000)
    __rt_exit_ls                             0x080001e7   Thumb Code     0  rtexit2.o(.ARM.Collect$$rtexit$$00000003)
    __rt_exit_prels_1                        0x080001e7   Thumb Code     0  rtexit2.o(.ARM.Collect$$rtexit$$00000002)
    __rt_exit_exit                           0x080001eb   Thumb Code     0  rtexit2.o(.ARM.Collect$$rtexit$$00000004)
    Reset_Handler                            0x080001f1   Thumb Code     8  startup_stm32f103xe.o(.text)
    ADC1_2_IRQHandler                        0x0800020b   Thumb Code     0  startup_stm32f103xe.o(.text)
    ADC3_IRQHandler                          0x0800020b   Thumb Code     0  startup_stm32f103xe.o(.text)
    CAN1_RX1_IRQHandler                      0x0800020b   Thumb Code     0  startup_stm32f103xe.o(.text)
    CAN1_SCE_IRQHandler                      0x0800020b   Thumb Code     0  startup_stm32f103xe.o(.text)
    DMA1_Channel1_IRQHandler                 0x0800020b   Thumb Code     0  startup_stm32f103xe.o(.text)
    DMA1_Channel2_IRQHandler                 0x0800020b   Thumb Code     0  startup_stm32f103xe.o(.text)
    DMA1_Channel3_IRQHandler                 0x0800020b   Thumb Code     0  startup_stm32f103xe.o(.text)
    DMA1_Channel4_IRQHandler                 0x0800020b   Thumb Code     0  startup_stm32f103xe.o(.text)
    DMA1_Channel5_IRQHandler                 0x0800020b   Thumb Code     0  startup_stm32f103xe.o(.text)
    DMA1_Channel6_IRQHandler                 0x0800020b   Thumb Code     0  startup_stm32f103xe.o(.text)
    DMA1_Channel7_IRQHandler                 0x0800020b   Thumb Code     0  startup_stm32f103xe.o(.text)
    DMA2_Channel1_IRQHandler                 0x0800020b   Thumb Code     0  startup_stm32f103xe.o(.text)
    DMA2_Channel2_IRQHandler                 0x0800020b   Thumb Code     0  startup_stm32f103xe.o(.text)
    DMA2_Channel3_IRQHandler                 0x0800020b   Thumb Code     0  startup_stm32f103xe.o(.text)
    DMA2_Channel4_5_IRQHandler               0x0800020b   Thumb Code     0  startup_stm32f103xe.o(.text)
    EXTI0_IRQHandler                         0x0800020b   Thumb Code     0  startup_stm32f103xe.o(.text)
    EXTI15_10_IRQHandler                     0x0800020b   Thumb Code     0  startup_stm32f103xe.o(.text)
    EXTI1_IRQHandler                         0x0800020b   Thumb Code     0  startup_stm32f103xe.o(.text)
    EXTI2_IRQHandler                         0x0800020b   Thumb Code     0  startup_stm32f103xe.o(.text)
    EXTI3_IRQHandler                         0x0800020b   Thumb Code     0  startup_stm32f103xe.o(.text)
    EXTI4_IRQHandler                         0x0800020b   Thumb Code     0  startup_stm32f103xe.o(.text)
    EXTI9_5_IRQHandler                       0x0800020b   Thumb Code     0  startup_stm32f103xe.o(.text)
    FLASH_IRQHandler                         0x0800020b   Thumb Code     0  startup_stm32f103xe.o(.text)
    FSMC_IRQHandler                          0x0800020b   Thumb Code     0  startup_stm32f103xe.o(.text)
    I2C1_ER_IRQHandler                       0x0800020b   Thumb Code     0  startup_stm32f103xe.o(.text)
    I2C1_EV_IRQHandler                       0x0800020b   Thumb Code     0  startup_stm32f103xe.o(.text)
    I2C2_ER_IRQHandler                       0x0800020b   Thumb Code     0  startup_stm32f103xe.o(.text)
    I2C2_EV_IRQHandler                       0x0800020b   Thumb Code     0  startup_stm32f103xe.o(.text)
    PVD_IRQHandler                           0x0800020b   Thumb Code     0  startup_stm32f103xe.o(.text)
    RCC_IRQHandler                           0x0800020b   Thumb Code     0  startup_stm32f103xe.o(.text)
    RTC_Alarm_IRQHandler                     0x0800020b   Thumb Code     0  startup_stm32f103xe.o(.text)
    RTC_IRQHandler                           0x0800020b   Thumb Code     0  startup_stm32f103xe.o(.text)
    SDIO_IRQHandler                          0x0800020b   Thumb Code     0  startup_stm32f103xe.o(.text)
    SPI1_IRQHandler                          0x0800020b   Thumb Code     0  startup_stm32f103xe.o(.text)
    SPI2_IRQHandler                          0x0800020b   Thumb Code     0  startup_stm32f103xe.o(.text)
    SPI3_IRQHandler                          0x0800020b   Thumb Code     0  startup_stm32f103xe.o(.text)
    TAMPER_IRQHandler                        0x0800020b   Thumb Code     0  startup_stm32f103xe.o(.text)
    TIM1_BRK_IRQHandler                      0x0800020b   Thumb Code     0  startup_stm32f103xe.o(.text)
    TIM1_CC_IRQHandler                       0x0800020b   Thumb Code     0  startup_stm32f103xe.o(.text)
    TIM1_TRG_COM_IRQHandler                  0x0800020b   Thumb Code     0  startup_stm32f103xe.o(.text)
    TIM1_UP_IRQHandler                       0x0800020b   Thumb Code     0  startup_stm32f103xe.o(.text)
    TIM2_IRQHandler                          0x0800020b   Thumb Code     0  startup_stm32f103xe.o(.text)
    TIM3_IRQHandler                          0x0800020b   Thumb Code     0  startup_stm32f103xe.o(.text)
    TIM4_IRQHandler                          0x0800020b   Thumb Code     0  startup_stm32f103xe.o(.text)
    TIM5_IRQHandler                          0x0800020b   Thumb Code     0  startup_stm32f103xe.o(.text)
    TIM6_IRQHandler                          0x0800020b   Thumb Code     0  startup_stm32f103xe.o(.text)
    TIM7_IRQHandler                          0x0800020b   Thumb Code     0  startup_stm32f103xe.o(.text)
    TIM8_BRK_IRQHandler                      0x0800020b   Thumb Code     0  startup_stm32f103xe.o(.text)
    TIM8_CC_IRQHandler                       0x0800020b   Thumb Code     0  startup_stm32f103xe.o(.text)
    TIM8_TRG_COM_IRQHandler                  0x0800020b   Thumb Code     0  startup_stm32f103xe.o(.text)
    TIM8_UP_IRQHandler                       0x0800020b   Thumb Code     0  startup_stm32f103xe.o(.text)
    UART4_IRQHandler                         0x0800020b   Thumb Code     0  startup_stm32f103xe.o(.text)
    UART5_IRQHandler                         0x0800020b   Thumb Code     0  startup_stm32f103xe.o(.text)
    USART1_IRQHandler                        0x0800020b   Thumb Code     0  startup_stm32f103xe.o(.text)
    USART2_IRQHandler                        0x0800020b   Thumb Code     0  startup_stm32f103xe.o(.text)
    USART3_IRQHandler                        0x0800020b   Thumb Code     0  startup_stm32f103xe.o(.text)
    USBWakeUp_IRQHandler                     0x0800020b   Thumb Code     0  startup_stm32f103xe.o(.text)
    USB_HP_CAN1_TX_IRQHandler                0x0800020b   Thumb Code     0  startup_stm32f103xe.o(.text)
    USB_LP_CAN1_RX0_IRQHandler               0x0800020b   Thumb Code     0  startup_stm32f103xe.o(.text)
    WWDG_IRQHandler                          0x0800020b   Thumb Code     0  startup_stm32f103xe.o(.text)
    __user_initial_stackheap                 0x0800020d   Thumb Code     0  startup_stm32f103xe.o(.text)
    __2snprintf                              0x08000231   Thumb Code    50  __2snprintf.o(.text)
    _printf_int_dec                          0x08000269   Thumb Code   104  _printf_dec.o(.text)
    __printf                                 0x080002e1   Thumb Code   270  __printf_wp.o(.text)
    __aeabi_memclr4                          0x080003ef   Thumb Code     0  rt_memclr_w.o(.text)
    __aeabi_memclr8                          0x080003ef   Thumb Code     0  rt_memclr_w.o(.text)
    __rt_memclr_w                            0x080003ef   Thumb Code    78  rt_memclr_w.o(.text)
    _memset_w                                0x080003f3   Thumb Code     0  rt_memclr_w.o(.text)
    __use_two_region_memory                  0x0800043d   Thumb Code     2  heapauxi.o(.text)
    __rt_heap_escrow$2region                 0x0800043f   Thumb Code     2  heapauxi.o(.text)
    __rt_heap_expand$2region                 0x08000441   Thumb Code     2  heapauxi.o(.text)
    __read_errno                             0x08000443   Thumb Code    10  _rserrno.o(.text)
    __set_errno                              0x0800044d   Thumb Code    12  _rserrno.o(.text)
    _printf_int_common                       0x08000459   Thumb Code   178  _printf_intcommon.o(.text)
    __lib_sel_fp_printf                      0x0800050b   Thumb Code     2  _printf_fp_dec.o(.text)
    _printf_fp_dec_real                      0x080006bd   Thumb Code   620  _printf_fp_dec.o(.text)
    _printf_char_common                      0x08000933   Thumb Code    32  _printf_char_common.o(.text)
    _sputc                                   0x08000959   Thumb Code    10  _sputc.o(.text)
    _snputc                                  0x08000963   Thumb Code    16  _snputc.o(.text)
    __rt_locale                              0x08000975   Thumb Code     8  rt_locale_intlibspace.o(.text)
    __aeabi_errno_addr                       0x0800097d   Thumb Code     8  rt_errno_addr_intlibspace.o(.text)
    __errno$intlibspace                      0x0800097d   Thumb Code     0  rt_errno_addr_intlibspace.o(.text)
    __rt_errno_addr$intlibspace              0x0800097d   Thumb Code     0  rt_errno_addr_intlibspace.o(.text)
    _ll_udiv10                               0x08000985   Thumb Code   138  lludiv10.o(.text)
    _printf_fp_infnan                        0x08000a11   Thumb Code   112  _printf_fp_infnan.o(.text)
    _btod_etento                             0x08000a91   Thumb Code   224  bigflt0.o(.text)
    __user_libspace                          0x08000b75   Thumb Code     8  libspace.o(.text)
    __user_perproc_libspace                  0x08000b75   Thumb Code     0  libspace.o(.text)
    __user_perthread_libspace                0x08000b75   Thumb Code     0  libspace.o(.text)
    __user_setup_stackheap                   0x08000b7d   Thumb Code    74  sys_stackheap_outer.o(.text)
    exit                                     0x08000bc7   Thumb Code    18  exit.o(.text)
    strcmp                                   0x08000bd9   Thumb Code   128  strcmpv7m.o(.text)
    _sys_exit                                0x08000c59   Thumb Code     8  sys_exit.o(.text)
    __I$use$semihosting                      0x08000c65   Thumb Code     0  use_no_semi.o(.text)
    __use_no_semihosting_swi                 0x08000c65   Thumb Code     2  use_no_semi.o(.text)
    __semihosting_library_function           0x08000c67   Thumb Code     0  indicate_semi.o(.text)
    _btod_d2e                                0x08000c67   Thumb Code    62  btod.o(CL$$btod_d2e)
    _d2e_denorm_low                          0x08000ca5   Thumb Code    70  btod.o(CL$$btod_d2e_denorm_low)
    _d2e_norm_op1                            0x08000ceb   Thumb Code    96  btod.o(CL$$btod_d2e_norm_op1)
    __btod_div_common                        0x08000d4b   Thumb Code   696  btod.o(CL$$btod_div_common)
    _e2e                                     0x08001083   Thumb Code   220  btod.o(CL$$btod_e2e)
    _btod_ediv                               0x0800115f   Thumb Code    42  btod.o(CL$$btod_ediv)
    _btod_emul                               0x08001189   Thumb Code    42  btod.o(CL$$btod_emul)
    __btod_mult_common                       0x080011b3   Thumb Code   580  btod.o(CL$$btod_mult_common)
    ADC_ConversionStop_Disable               0x080013f9   Thumb Code    86  stm32f1xx_hal_adc.o(i.ADC_ConversionStop_Disable)
    ADC_Enable                               0x08001451   Thumb Code   114  stm32f1xx_hal_adc.o(i.ADC_Enable)
    BusFault_Handler                         0x080014cd   Thumb Code     2  stm32f1xx_it.o(i.BusFault_Handler)
    DHT11_Init                               0x080014d1   Thumb Code     8  dht11.o(i.DHT11_Init)
    DHT11_Read                               0x080014dd   Thumb Code   324  dht11.o(i.DHT11_Read)
    DHT11_SetMode                            0x08001625   Thumb Code    28  dht11.o(i.DHT11_SetMode)
    DebugMon_Handler                         0x08001645   Thumb Code     2  stm32f1xx_it.o(i.DebugMon_Handler)
    Enable_DWT                               0x08001649   Thumb Code    26  main.o(i.Enable_DWT)
    Error_Handler                            0x0800166d   Thumb Code     4  main.o(i.Error_Handler)
    GP2Y1014AU_Init                          0x08001671   Thumb Code    14  gp2y1014au.o(i.GP2Y1014AU_Init)
    GP2Y1014AU_ReadDustDensity               0x08001685   Thumb Code   110  gp2y1014au.o(i.GP2Y1014AU_ReadDustDensity)
    HAL_ADC_ConfigChannel                    0x08001715   Thumb Code   240  stm32f1xx_hal_adc.o(i.HAL_ADC_ConfigChannel)
    HAL_ADC_GetValue                         0x08001811   Thumb Code     6  stm32f1xx_hal_adc.o(i.HAL_ADC_GetValue)
    HAL_ADC_Init                             0x08001819   Thumb Code   272  stm32f1xx_hal_adc.o(i.HAL_ADC_Init)
    HAL_ADC_MspInit                          0x08001939   Thumb Code   118  adc.o(i.HAL_ADC_MspInit)
    HAL_ADC_PollForConversion                0x080019c1   Thumb Code   304  stm32f1xx_hal_adc.o(i.HAL_ADC_PollForConversion)
    HAL_ADC_Start                            0x08001afd   Thumb Code   184  stm32f1xx_hal_adc.o(i.HAL_ADC_Start)
    HAL_Delay                                0x08001bbd   Thumb Code    32  stm32f1xx_hal.o(i.HAL_Delay)
    HAL_GPIO_Init                            0x08001be1   Thumb Code   462  stm32f1xx_hal_gpio.o(i.HAL_GPIO_Init)
    HAL_GPIO_ReadPin                         0x08001dd9   Thumb Code    10  stm32f1xx_hal_gpio.o(i.HAL_GPIO_ReadPin)
    HAL_GPIO_WritePin                        0x08001de3   Thumb Code    10  stm32f1xx_hal_gpio.o(i.HAL_GPIO_WritePin)
    HAL_GetTick                              0x08001ded   Thumb Code     6  stm32f1xx_hal.o(i.HAL_GetTick)
    HAL_I2C_Init                             0x08001df9   Thumb Code   376  stm32f1xx_hal_i2c.o(i.HAL_I2C_Init)
    HAL_I2C_Master_Receive                   0x08001f81   Thumb Code   564  stm32f1xx_hal_i2c.o(i.HAL_I2C_Master_Receive)
    HAL_I2C_Master_Transmit                  0x080021c5   Thumb Code   290  stm32f1xx_hal_i2c.o(i.HAL_I2C_Master_Transmit)
    HAL_I2C_MspInit                          0x080022f1   Thumb Code    82  i2c.o(i.HAL_I2C_MspInit)
    HAL_IncTick                              0x08002351   Thumb Code    12  stm32f1xx_hal.o(i.HAL_IncTick)
    HAL_Init                                 0x08002361   Thumb Code    32  stm32f1xx_hal.o(i.HAL_Init)
    HAL_InitTick                             0x08002385   Thumb Code    54  stm32f1xx_hal.o(i.HAL_InitTick)
    HAL_MspInit                              0x080023c5   Thumb Code    52  stm32f1xx_hal_msp.o(i.HAL_MspInit)
    HAL_NVIC_SetPriority                     0x08002401   Thumb Code    60  stm32f1xx_hal_cortex.o(i.HAL_NVIC_SetPriority)
    HAL_NVIC_SetPriorityGrouping             0x08002441   Thumb Code    26  stm32f1xx_hal_cortex.o(i.HAL_NVIC_SetPriorityGrouping)
    HAL_RCCEx_GetPeriphCLKFreq               0x08002465   Thumb Code   180  stm32f1xx_hal_rcc_ex.o(i.HAL_RCCEx_GetPeriphCLKFreq)
    HAL_RCCEx_PeriphCLKConfig                0x08002539   Thumb Code   224  stm32f1xx_hal_rcc_ex.o(i.HAL_RCCEx_PeriphCLKConfig)
    HAL_RCC_ClockConfig                      0x08002625   Thumb Code   280  stm32f1xx_hal_rcc.o(i.HAL_RCC_ClockConfig)
    HAL_RCC_GetPCLK1Freq                     0x08002751   Thumb Code    20  stm32f1xx_hal_rcc.o(i.HAL_RCC_GetPCLK1Freq)
    HAL_RCC_GetPCLK2Freq                     0x08002771   Thumb Code    20  stm32f1xx_hal_rcc.o(i.HAL_RCC_GetPCLK2Freq)
    HAL_RCC_GetSysClockFreq                  0x08002791   Thumb Code    74  stm32f1xx_hal_rcc.o(i.HAL_RCC_GetSysClockFreq)
    HAL_RCC_OscConfig                        0x080027fd   Thumb Code   778  stm32f1xx_hal_rcc.o(i.HAL_RCC_OscConfig)
    HAL_SYSTICK_Config                       0x08002b1d   Thumb Code    40  stm32f1xx_hal_cortex.o(i.HAL_SYSTICK_Config)
    HAL_TIMEx_MasterConfigSynchronization    0x08002b45   Thumb Code   104  stm32f1xx_hal_tim_ex.o(i.HAL_TIMEx_MasterConfigSynchronization)
    HAL_TIM_MspPostInit                      0x08002bc1   Thumb Code    60  tim.o(i.HAL_TIM_MspPostInit)
    HAL_TIM_PWM_ConfigChannel                0x08002c09   Thumb Code   198  stm32f1xx_hal_tim.o(i.HAL_TIM_PWM_ConfigChannel)
    HAL_TIM_PWM_Init                         0x08002ccf   Thumb Code    90  stm32f1xx_hal_tim.o(i.HAL_TIM_PWM_Init)
    HAL_TIM_PWM_MspInit                      0x08002d29   Thumb Code    30  tim.o(i.HAL_TIM_PWM_MspInit)
    HAL_TIM_PWM_Start                        0x08002d51   Thumb Code   160  stm32f1xx_hal_tim.o(i.HAL_TIM_PWM_Start)
    HAL_UART_Init                            0x08002e05   Thumb Code    98  stm32f1xx_hal_uart.o(i.HAL_UART_Init)
    HAL_UART_MspInit                         0x08002e69   Thumb Code   166  usart.o(i.HAL_UART_MspInit)
    HAL_UART_Transmit                        0x08002f25   Thumb Code   178  stm32f1xx_hal_uart.o(i.HAL_UART_Transmit)
    HardFault_Handler                        0x08002fd7   Thumb Code     2  stm32f1xx_it.o(i.HardFault_Handler)
    MQ4_Calibrate                            0x0800338d   Thumb Code   134  mq4.o(i.MQ4_Calibrate)
    MQ4_GetCalibStatus                       0x0800342d   Thumb Code     6  mq4.o(i.MQ4_GetCalibStatus)
    MQ4_GetCalibrationTotal                  0x08003439   Thumb Code     4  mq4.o(i.MQ4_GetCalibrationTotal)
    MQ4_GetRemainingTime                     0x0800343d   Thumb Code    18  mq4.o(i.MQ4_GetRemainingTime)
    MQ4_GetSampleCount                       0x08003455   Thumb Code     6  mq4.o(i.MQ4_GetSampleCount)
    MQ4_Init                                 0x08003461   Thumb Code    12  mq4.o(i.MQ4_Init)
    MQ4_ReadPPM                              0x08003475   Thumb Code   114  mq4.o(i.MQ4_ReadPPM)
    MX_ADC1_Init                             0x0800350d   Thumb Code    72  adc.o(i.MX_ADC1_Init)
    MX_ADC2_Init                             0x0800355d   Thumb Code    70  adc.o(i.MX_ADC2_Init)
    MX_GPIO_Init                             0x080035ad   Thumb Code   190  gpio.o(i.MX_GPIO_Init)
    MX_I2C2_Init                             0x08003679   Thumb Code    50  i2c.o(i.MX_I2C2_Init)
    MX_TIM3_Init                             0x080036b9   Thumb Code   106  tim.o(i.MX_TIM3_Init)
    MX_UART4_Init                            0x0800372d   Thumb Code    48  usart.o(i.MX_UART4_Init)
    MX_USART1_UART_Init                      0x08003765   Thumb Code    48  usart.o(i.MX_USART1_UART_Init)
    MemManage_Handler                        0x0800379d   Thumb Code     2  stm32f1xx_it.o(i.MemManage_Handler)
    NMI_Handler                              0x0800379f   Thumb Code     2  stm32f1xx_it.o(i.NMI_Handler)
    PendSV_Handler                           0x080037a1   Thumb Code     2  stm32f1xx_it.o(i.PendSV_Handler)
    SVC_Handler                              0x080037a3   Thumb Code     2  stm32f1xx_it.o(i.SVC_Handler)
    SysTick_Handler                          0x080037a5   Thumb Code     4  stm32f1xx_it.o(i.SysTick_Handler)
    SystemClock_Config                       0x080037a9   Thumb Code   122  main.o(i.SystemClock_Config)
    SystemInit                               0x08003823   Thumb Code     2  system_stm32f1xx.o(i.SystemInit)
    TIM_Base_SetConfig                       0x08003825   Thumb Code   120  stm32f1xx_hal_tim.o(i.TIM_Base_SetConfig)
    TIM_CCxChannelCmd                        0x080038b1   Thumb Code    26  stm32f1xx_hal_tim.o(i.TIM_CCxChannelCmd)
    TIM_OC2_SetConfig                        0x0800392d   Thumb Code    98  stm32f1xx_hal_tim.o(i.TIM_OC2_SetConfig)
    UsageFault_Handler                       0x08003b6d   Thumb Code     2  stm32f1xx_it.o(i.UsageFault_Handler)
    __ARM_fpclassify                         0x08003b6f   Thumb Code    40  fpclassify.o(i.__ARM_fpclassify)
    __kernel_poly                            0x08003bb7   Thumb Code   170  poly.o(i.__kernel_poly)
    __mathlib_dbl_divzero                    0x08003c61   Thumb Code    12  dunder.o(i.__mathlib_dbl_divzero)
    __mathlib_dbl_infnan                     0x08003c71   Thumb Code     6  dunder.o(i.__mathlib_dbl_infnan)
    __mathlib_dbl_infnan2                    0x08003c77   Thumb Code     4  dunder.o(i.__mathlib_dbl_infnan2)
    __mathlib_dbl_invalid                    0x08003c7b   Thumb Code    12  dunder.o(i.__mathlib_dbl_invalid)
    __mathlib_dbl_overflow                   0x08003c87   Thumb Code    14  dunder.o(i.__mathlib_dbl_overflow)
    __mathlib_dbl_underflow                  0x08003c95   Thumb Code    10  dunder.o(i.__mathlib_dbl_underflow)
    _is_digit                                0x08003ca5   Thumb Code    14  __printf_wp.o(i._is_digit)
    log                                      0x08003cdd   Thumb Code   808  log.o(i.log)
    log10                                    0x08004039   Thumb Code   198  log10.o(i.log10)
    main                                     0x0800411d   Thumb Code   354  main.o(i.main)
    pow                                      0x08004341   Thumb Code  2512  pow.o(i.pow)
    sgp30_crc                                0x08004d39   Thumb Code    50  sgp30.o(i.sgp30_crc)
    sgp30_init                               0x08004d6d   Thumb Code    46  sgp30.o(i.sgp30_init)
    sgp30_read                               0x08004dc1   Thumb Code   110  sgp30.o(i.sgp30_read)
    sqrt                                     0x08004e39   Thumb Code    76  sqrt.o(i.sqrt)
    _get_lc_numeric                          0x08004e85   Thumb Code    44  lc_numeric_c.o(locale$$code)
    __aeabi_d2f                              0x08004eb1   Thumb Code     0  d2f.o(x$fpl$d2f)
    _d2f                                     0x08004eb1   Thumb Code    98  d2f.o(x$fpl$d2f)
    __aeabi_dadd                             0x08004f15   Thumb Code     0  daddsub_clz.o(x$fpl$dadd)
    _dadd                                    0x08004f15   Thumb Code   332  daddsub_clz.o(x$fpl$dadd)
    __fpl_dcheck_NaN1                        0x08005065   Thumb Code    10  dcheck1.o(x$fpl$dcheck1)
    __fpl_dcmp_Inf                           0x08005075   Thumb Code    24  dcmpi.o(x$fpl$dcmpinf)
    __aeabi_ddiv                             0x0800508d   Thumb Code     0  ddiv.o(x$fpl$ddiv)
    _ddiv                                    0x0800508d   Thumb Code   552  ddiv.o(x$fpl$ddiv)
    __aeabi_cdcmpeq                          0x0800533d   Thumb Code     0  deqf.o(x$fpl$deqf)
    _dcmpeq                                  0x0800533d   Thumb Code   120  deqf.o(x$fpl$deqf)
    __aeabi_i2d                              0x080053b5   Thumb Code     0  dflt_clz.o(x$fpl$dflt)
    _dflt                                    0x080053b5   Thumb Code    46  dflt_clz.o(x$fpl$dflt)
    __aeabi_cdcmple                          0x080053e5   Thumb Code     0  dleqf.o(x$fpl$dleqf)
    _dcmple                                  0x080053e5   Thumb Code   120  dleqf.o(x$fpl$dleqf)
    __fpl_dcmple_InfNaN                      0x08005447   Thumb Code     0  dleqf.o(x$fpl$dleqf)
    __aeabi_dmul                             0x0800545d   Thumb Code     0  dmul.o(x$fpl$dmul)
    _dmul                                    0x0800545d   Thumb Code   332  dmul.o(x$fpl$dmul)
    __fpl_dnaninf                            0x080055b1   Thumb Code   156  dnaninf.o(x$fpl$dnaninf)
    __fpl_dretinf                            0x0800564d   Thumb Code    12  dretinf.o(x$fpl$dretinf)
    __aeabi_cdrcmple                         0x08005659   Thumb Code     0  drleqf.o(x$fpl$drleqf)
    _drcmple                                 0x08005659   Thumb Code   108  drleqf.o(x$fpl$drleqf)
    __aeabi_drsub                            0x080056c5   Thumb Code     0  daddsub_clz.o(x$fpl$drsb)
    _drsb                                    0x080056c5   Thumb Code    22  daddsub_clz.o(x$fpl$drsb)
    _dsqrt                                   0x080056dd   Thumb Code   456  dsqrt_noumaal.o(x$fpl$dsqrt)
    __aeabi_dsub                             0x080058a9   Thumb Code     0  daddsub_clz.o(x$fpl$dsub)
    _dsub                                    0x080058a9   Thumb Code   464  daddsub_clz.o(x$fpl$dsub)
    __aeabi_f2d                              0x08005a7d   Thumb Code     0  f2d.o(x$fpl$f2d)
    _f2d                                     0x08005a7d   Thumb Code    86  f2d.o(x$fpl$f2d)
    __aeabi_fadd                             0x08005ad5   Thumb Code     0  faddsub_clz.o(x$fpl$fadd)
    _fadd                                    0x08005ad5   Thumb Code   196  faddsub_clz.o(x$fpl$fadd)
    __fpl_fcheck_NaN1                        0x08005b99   Thumb Code     6  fcheck1.o(x$fpl$fcheck1)
    __aeabi_fdiv                             0x08005ba5   Thumb Code     0  fdiv.o(x$fpl$fdiv)
    _fdiv                                    0x08005ba5   Thumb Code   384  fdiv.o(x$fpl$fdiv)
    __aeabi_ui2f                             0x08005d29   Thumb Code     0  fflt_clz.o(x$fpl$ffltu)
    _ffltu                                   0x08005d29   Thumb Code    38  fflt_clz.o(x$fpl$ffltu)
    __aeabi_fmul                             0x08005d51   Thumb Code     0  fmul.o(x$fpl$fmul)
    _fmul                                    0x08005d51   Thumb Code   258  fmul.o(x$fpl$fmul)
    __fpl_fnaninf                            0x08005e53   Thumb Code   140  fnaninf.o(x$fpl$fnaninf)
    __fpl_fretinf                            0x08005edf   Thumb Code    10  fretinf.o(x$fpl$fretinf)
    __aeabi_fsub                             0x08005ee9   Thumb Code     0  faddsub_clz.o(x$fpl$fsub)
    _fsub                                    0x08005ee9   Thumb Code   234  faddsub_clz.o(x$fpl$fsub)
    _printf_fp_dec                           0x08005fd3   Thumb Code     4  printf1.o(x$fpl$printf1)
    __fpl_return_NaN                         0x08005fd7   Thumb Code   100  retnan.o(x$fpl$retnan)
    __ARM_scalbn                             0x0800603b   Thumb Code    92  scalbn.o(x$fpl$scalbn)
    __ARM_scalbnf                            0x08006097   Thumb Code    76  scalbnf.o(x$fpl$scalbnf)
    __fpl_cmpreturn                          0x080060e3   Thumb Code    48  trapv.o(x$fpl$trapveneer)
    AHBPrescTable                            0x08006112   Data          16  system_stm32f1xx.o(.constdata)
    __I$use$fp                               0x08006112   Number         0  usenofp.o(x$fpl$usenofp)
    APBPrescTable                            0x08006122   Data           8  system_stm32f1xx.o(.constdata)
    __mathlib_zero                           0x080061f0   Data           8  qnan.o(.constdata)
    Region$$Table$$Base                      0x08006300   Number         0  anon$$obj.o(Region$$Table)
    Region$$Table$$Limit                     0x08006320   Number         0  anon$$obj.o(Region$$Table)
    uwTickFreq                               0x20000004   Data           1  stm32f1xx_hal.o(.data)
    uwTickPrio                               0x20000008   Data           4  stm32f1xx_hal.o(.data)
    uwTick                                   0x2000000c   Data           4  stm32f1xx_hal.o(.data)
    SystemCoreClock                          0x20000010   Data           4  system_stm32f1xx.o(.data)
    hadc1                                    0x2000002c   Data          48  adc.o(.bss)
    hadc2                                    0x2000005c   Data          48  adc.o(.bss)
    hi2c2                                    0x2000008c   Data          84  i2c.o(.bss)
    htim3                                    0x200000e0   Data          72  tim.o(.bss)
    huart4                                   0x20000128   Data          68  usart.o(.bss)
    huart1                                   0x2000016c   Data          68  usart.o(.bss)
    __libspace_start                         0x200001c0   Data          96  libspace.o(.bss)
    __temporary_stack_top$libspace           0x20000220   Data           0  libspace.o(.bss)



==============================================================================

Memory Map of the image

  Image Entry point : 0x08000131

  Load Region LR_IROM1 (Base: 0x08000000, Size: 0x00006368, Max: 0x00040000, ABSOLUTE)

    Execution Region ER_IROM1 (Exec base: 0x08000000, Load base: 0x08000000, Size: 0x0000633c, Max: 0x00040000, ABSOLUTE)

    Exec Addr    Load Addr    Size         Type   Attr      Idx    E Section Name        Object

    0x08000000   0x08000000   0x00000130   Data   RO            3    RESET               startup_stm32f103xe.o
    0x08000130   0x08000130   0x00000008   Code   RO         3813  * !!!main             c_w.l(__main.o)
    0x08000138   0x08000138   0x00000034   Code   RO         4161    !!!scatter          c_w.l(__scatter.o)
    0x0800016c   0x0800016c   0x0000001a   Code   RO         4163    !!handler_copy      c_w.l(__scatter_copy.o)
    0x08000186   0x08000186   0x00000002   PAD
    0x08000188   0x08000188   0x0000001c   Code   RO         4165    !!handler_zi        c_w.l(__scatter_zi.o)
    0x080001a4   0x080001a4   0x00000000   Code   RO         3808    .ARM.Collect$$_printf_percent$$00000000  c_w.l(_printf_percent.o)
    0x080001a4   0x080001a4   0x00000006   Code   RO         3807    .ARM.Collect$$_printf_percent$$00000003  c_w.l(_printf_f.o)
    0x080001aa   0x080001aa   0x00000006   Code   RO         3805    .ARM.Collect$$_printf_percent$$00000009  c_w.l(_printf_d.o)
    0x080001b0   0x080001b0   0x00000006   Code   RO         3806    .ARM.Collect$$_printf_percent$$0000000A  c_w.l(_printf_u.o)
    0x080001b6   0x080001b6   0x00000004   Code   RO         3882    .ARM.Collect$$_printf_percent$$00000017  c_w.l(_printf_percent_end.o)
    0x080001ba   0x080001ba   0x00000002   Code   RO         4028    .ARM.Collect$$libinit$$00000000  c_w.l(libinit.o)
    0x080001bc   0x080001bc   0x00000000   Code   RO         4030    .ARM.Collect$$libinit$$00000002  c_w.l(libinit2.o)
    0x080001bc   0x080001bc   0x00000000   Code   RO         4032    .ARM.Collect$$libinit$$00000004  c_w.l(libinit2.o)
    0x080001bc   0x080001bc   0x00000000   Code   RO         4035    .ARM.Collect$$libinit$$0000000A  c_w.l(libinit2.o)
    0x080001bc   0x080001bc   0x00000000   Code   RO         4037    .ARM.Collect$$libinit$$0000000C  c_w.l(libinit2.o)
    0x080001bc   0x080001bc   0x00000000   Code   RO         4039    .ARM.Collect$$libinit$$0000000E  c_w.l(libinit2.o)
    0x080001bc   0x080001bc   0x00000006   Code   RO         4040    .ARM.Collect$$libinit$$0000000F  c_w.l(libinit2.o)
    0x080001c2   0x080001c2   0x00000000   Code   RO         4042    .ARM.Collect$$libinit$$00000011  c_w.l(libinit2.o)
    0x080001c2   0x080001c2   0x00000000   Code   RO         4044    .ARM.Collect$$libinit$$00000013  c_w.l(libinit2.o)
    0x080001c2   0x080001c2   0x00000000   Code   RO         4046    .ARM.Collect$$libinit$$00000015  c_w.l(libinit2.o)
    0x080001c2   0x080001c2   0x0000000a   Code   RO         4047    .ARM.Collect$$libinit$$00000016  c_w.l(libinit2.o)
    0x080001cc   0x080001cc   0x00000000   Code   RO         4048    .ARM.Collect$$libinit$$00000017  c_w.l(libinit2.o)
    0x080001cc   0x080001cc   0x00000000   Code   RO         4050    .ARM.Collect$$libinit$$00000019  c_w.l(libinit2.o)
    0x080001cc   0x080001cc   0x00000000   Code   RO         4052    .ARM.Collect$$libinit$$0000001B  c_w.l(libinit2.o)
    0x080001cc   0x080001cc   0x00000000   Code   RO         4054    .ARM.Collect$$libinit$$0000001D  c_w.l(libinit2.o)
    0x080001cc   0x080001cc   0x00000000   Code   RO         4056    .ARM.Collect$$libinit$$0000001F  c_w.l(libinit2.o)
    0x080001cc   0x080001cc   0x00000000   Code   RO         4058    .ARM.Collect$$libinit$$00000021  c_w.l(libinit2.o)
    0x080001cc   0x080001cc   0x00000000   Code   RO         4060    .ARM.Collect$$libinit$$00000023  c_w.l(libinit2.o)
    0x080001cc   0x080001cc   0x00000000   Code   RO         4062    .ARM.Collect$$libinit$$00000025  c_w.l(libinit2.o)
    0x080001cc   0x080001cc   0x00000000   Code   RO         4066    .ARM.Collect$$libinit$$0000002C  c_w.l(libinit2.o)
    0x080001cc   0x080001cc   0x00000000   Code   RO         4068    .ARM.Collect$$libinit$$0000002E  c_w.l(libinit2.o)
    0x080001cc   0x080001cc   0x00000000   Code   RO         4070    .ARM.Collect$$libinit$$00000030  c_w.l(libinit2.o)
    0x080001cc   0x080001cc   0x00000000   Code   RO         4072    .ARM.Collect$$libinit$$00000032  c_w.l(libinit2.o)
    0x080001cc   0x080001cc   0x00000002   Code   RO         4073    .ARM.Collect$$libinit$$00000033  c_w.l(libinit2.o)
    0x080001ce   0x080001ce   0x00000002   Code   RO         4107    .ARM.Collect$$libshutdown$$00000000  c_w.l(libshutdown.o)
    0x080001d0   0x080001d0   0x00000000   Code   RO         4118    .ARM.Collect$$libshutdown$$00000002  c_w.l(libshutdown2.o)
    0x080001d0   0x080001d0   0x00000000   Code   RO         4120    .ARM.Collect$$libshutdown$$00000004  c_w.l(libshutdown2.o)
    0x080001d0   0x080001d0   0x00000000   Code   RO         4122    .ARM.Collect$$libshutdown$$00000006  c_w.l(libshutdown2.o)
    0x080001d0   0x080001d0   0x00000000   Code   RO         4125    .ARM.Collect$$libshutdown$$00000009  c_w.l(libshutdown2.o)
    0x080001d0   0x080001d0   0x00000000   Code   RO         4128    .ARM.Collect$$libshutdown$$0000000C  c_w.l(libshutdown2.o)
    0x080001d0   0x080001d0   0x00000000   Code   RO         4130    .ARM.Collect$$libshutdown$$0000000E  c_w.l(libshutdown2.o)
    0x080001d0   0x080001d0   0x00000000   Code   RO         4133    .ARM.Collect$$libshutdown$$00000011  c_w.l(libshutdown2.o)
    0x080001d0   0x080001d0   0x00000002   Code   RO         4134    .ARM.Collect$$libshutdown$$00000012  c_w.l(libshutdown2.o)
    0x080001d2   0x080001d2   0x00000000   Code   RO         3869    .ARM.Collect$$rtentry$$00000000  c_w.l(__rtentry.o)
    0x080001d2   0x080001d2   0x00000000   Code   RO         3944    .ARM.Collect$$rtentry$$00000002  c_w.l(__rtentry2.o)
    0x080001d2   0x080001d2   0x00000006   Code   RO         3956    .ARM.Collect$$rtentry$$00000004  c_w.l(__rtentry4.o)
    0x080001d8   0x080001d8   0x00000000   Code   RO         3946    .ARM.Collect$$rtentry$$00000009  c_w.l(__rtentry2.o)
    0x080001d8   0x080001d8   0x00000004   Code   RO         3947    .ARM.Collect$$rtentry$$0000000A  c_w.l(__rtentry2.o)
    0x080001dc   0x080001dc   0x00000000   Code   RO         3949    .ARM.Collect$$rtentry$$0000000C  c_w.l(__rtentry2.o)
    0x080001dc   0x080001dc   0x00000008   Code   RO         3950    .ARM.Collect$$rtentry$$0000000D  c_w.l(__rtentry2.o)
    0x080001e4   0x080001e4   0x00000002   Code   RO         4078    .ARM.Collect$$rtexit$$00000000  c_w.l(rtexit.o)
    0x080001e6   0x080001e6   0x00000000   Code   RO         4085    .ARM.Collect$$rtexit$$00000002  c_w.l(rtexit2.o)
    0x080001e6   0x080001e6   0x00000004   Code   RO         4086    .ARM.Collect$$rtexit$$00000003  c_w.l(rtexit2.o)
    0x080001ea   0x080001ea   0x00000006   Code   RO         4087    .ARM.Collect$$rtexit$$00000004  c_w.l(rtexit2.o)
    0x080001f0   0x080001f0   0x00000040   Code   RO            4    .text               startup_stm32f103xe.o
    0x08000230   0x08000230   0x00000038   Code   RO         3777    .text               c_w.l(__2snprintf.o)
    0x08000268   0x08000268   0x00000078   Code   RO         3783    .text               c_w.l(_printf_dec.o)
    0x080002e0   0x080002e0   0x0000010e   Code   RO         3793    .text               c_w.l(__printf_wp.o)
    0x080003ee   0x080003ee   0x0000004e   Code   RO         3809    .text               c_w.l(rt_memclr_w.o)
    0x0800043c   0x0800043c   0x00000006   Code   RO         3811    .text               c_w.l(heapauxi.o)
    0x08000442   0x08000442   0x00000016   Code   RO         3870    .text               c_w.l(_rserrno.o)
    0x08000458   0x08000458   0x000000b2   Code   RO         3872    .text               c_w.l(_printf_intcommon.o)
    0x0800050a   0x0800050a   0x0000041e   Code   RO         3874    .text               c_w.l(_printf_fp_dec.o)
    0x08000928   0x08000928   0x00000030   Code   RO         3876    .text               c_w.l(_printf_char_common.o)
    0x08000958   0x08000958   0x0000000a   Code   RO         3878    .text               c_w.l(_sputc.o)
    0x08000962   0x08000962   0x00000010   Code   RO         3880    .text               c_w.l(_snputc.o)
    0x08000972   0x08000972   0x00000002   PAD
    0x08000974   0x08000974   0x00000008   Code   RO         3961    .text               c_w.l(rt_locale_intlibspace.o)
    0x0800097c   0x0800097c   0x00000008   Code   RO         3966    .text               c_w.l(rt_errno_addr_intlibspace.o)
    0x08000984   0x08000984   0x0000008a   Code   RO         3968    .text               c_w.l(lludiv10.o)
    0x08000a0e   0x08000a0e   0x00000002   PAD
    0x08000a10   0x08000a10   0x00000080   Code   RO         3970    .text               c_w.l(_printf_fp_infnan.o)
    0x08000a90   0x08000a90   0x000000e4   Code   RO         3974    .text               c_w.l(bigflt0.o)
    0x08000b74   0x08000b74   0x00000008   Code   RO         4014    .text               c_w.l(libspace.o)
    0x08000b7c   0x08000b7c   0x0000004a   Code   RO         4017    .text               c_w.l(sys_stackheap_outer.o)
    0x08000bc6   0x08000bc6   0x00000012   Code   RO         4019    .text               c_w.l(exit.o)
    0x08000bd8   0x08000bd8   0x00000080   Code   RO         4021    .text               c_w.l(strcmpv7m.o)
    0x08000c58   0x08000c58   0x0000000c   Code   RO         4097    .text               c_w.l(sys_exit.o)
    0x08000c64   0x08000c64   0x00000002   Code   RO         4108    .text               c_w.l(use_no_semi.o)
    0x08000c66   0x08000c66   0x00000000   Code   RO         4110    .text               c_w.l(indicate_semi.o)
    0x08000c66   0x08000c66   0x0000003e   Code   RO         3977    CL$$btod_d2e        c_w.l(btod.o)
    0x08000ca4   0x08000ca4   0x00000046   Code   RO         3979    CL$$btod_d2e_denorm_low  c_w.l(btod.o)
    0x08000cea   0x08000cea   0x00000060   Code   RO         3978    CL$$btod_d2e_norm_op1  c_w.l(btod.o)
    0x08000d4a   0x08000d4a   0x00000338   Code   RO         3987    CL$$btod_div_common  c_w.l(btod.o)
    0x08001082   0x08001082   0x000000dc   Code   RO         3984    CL$$btod_e2e        c_w.l(btod.o)
    0x0800115e   0x0800115e   0x0000002a   Code   RO         3981    CL$$btod_ediv       c_w.l(btod.o)
    0x08001188   0x08001188   0x0000002a   Code   RO         3980    CL$$btod_emul       c_w.l(btod.o)
    0x080011b2   0x080011b2   0x00000244   Code   RO         3986    CL$$btod_mult_common  c_w.l(btod.o)
    0x080013f6   0x080013f6   0x00000002   PAD
    0x080013f8   0x080013f8   0x00000056   Code   RO          529    i.ADC_ConversionStop_Disable  stm32f1xx_hal_adc.o
    0x0800144e   0x0800144e   0x00000002   PAD
    0x08001450   0x08001450   0x0000007c   Code   RO          533    i.ADC_Enable        stm32f1xx_hal_adc.o
    0x080014cc   0x080014cc   0x00000002   Code   RO          394    i.BusFault_Handler  stm32f1xx_it.o
    0x080014ce   0x080014ce   0x00000002   PAD
    0x080014d0   0x080014d0   0x0000000c   Code   RO         3655    i.DHT11_Init        dht11.o
    0x080014dc   0x080014dc   0x00000148   Code   RO         3656    i.DHT11_Read        dht11.o
    0x08001624   0x08001624   0x00000020   Code   RO         3657    i.DHT11_SetMode     dht11.o
    0x08001644   0x08001644   0x00000002   Code   RO          395    i.DebugMon_Handler  stm32f1xx_it.o
    0x08001646   0x08001646   0x00000002   PAD
    0x08001648   0x08001648   0x00000024   Code   RO           13    i.Enable_DWT        main.o
    0x0800166c   0x0800166c   0x00000004   Code   RO           14    i.Error_Handler     main.o
    0x08001670   0x08001670   0x00000014   Code   RO         3741    i.GP2Y1014AU_Init   gp2y1014au.o
    0x08001684   0x08001684   0x00000090   Code   RO         3742    i.GP2Y1014AU_ReadDustDensity  gp2y1014au.o
    0x08001714   0x08001714   0x000000fc   Code   RO          535    i.HAL_ADC_ConfigChannel  stm32f1xx_hal_adc.o
    0x08001810   0x08001810   0x00000006   Code   RO          542    i.HAL_ADC_GetValue  stm32f1xx_hal_adc.o
    0x08001816   0x08001816   0x00000002   PAD
    0x08001818   0x08001818   0x00000120   Code   RO          544    i.HAL_ADC_Init      stm32f1xx_hal_adc.o
    0x08001938   0x08001938   0x00000088   Code   RO          209    i.HAL_ADC_MspInit   adc.o
    0x080019c0   0x080019c0   0x0000013c   Code   RO          548    i.HAL_ADC_PollForConversion  stm32f1xx_hal_adc.o
    0x08001afc   0x08001afc   0x000000c0   Code   RO          550    i.HAL_ADC_Start     stm32f1xx_hal_adc.o
    0x08001bbc   0x08001bbc   0x00000024   Code   RO          812    i.HAL_Delay         stm32f1xx_hal.o
    0x08001be0   0x08001be0   0x000001f8   Code   RO         1120    i.HAL_GPIO_Init     stm32f1xx_hal_gpio.o
    0x08001dd8   0x08001dd8   0x0000000a   Code   RO         1122    i.HAL_GPIO_ReadPin  stm32f1xx_hal_gpio.o
    0x08001de2   0x08001de2   0x0000000a   Code   RO         1124    i.HAL_GPIO_WritePin  stm32f1xx_hal_gpio.o
    0x08001dec   0x08001dec   0x0000000c   Code   RO          816    i.HAL_GetTick       stm32f1xx_hal.o
    0x08001df8   0x08001df8   0x00000188   Code   RO         1791    i.HAL_I2C_Init      stm32f1xx_hal_i2c.o
    0x08001f80   0x08001f80   0x00000244   Code   RO         1797    i.HAL_I2C_Master_Receive  stm32f1xx_hal_i2c.o
    0x080021c4   0x080021c4   0x0000012c   Code   RO         1804    i.HAL_I2C_Master_Transmit  stm32f1xx_hal_i2c.o
    0x080022f0   0x080022f0   0x00000060   Code   RO          257    i.HAL_I2C_MspInit   i2c.o
    0x08002350   0x08002350   0x00000010   Code   RO          822    i.HAL_IncTick       stm32f1xx_hal.o
    0x08002360   0x08002360   0x00000024   Code   RO          823    i.HAL_Init          stm32f1xx_hal.o
    0x08002384   0x08002384   0x00000040   Code   RO          824    i.HAL_InitTick      stm32f1xx_hal.o
    0x080023c4   0x080023c4   0x0000003c   Code   RO          469    i.HAL_MspInit       stm32f1xx_hal_msp.o
    0x08002400   0x08002400   0x00000040   Code   RO         1286    i.HAL_NVIC_SetPriority  stm32f1xx_hal_cortex.o
    0x08002440   0x08002440   0x00000024   Code   RO         1287    i.HAL_NVIC_SetPriorityGrouping  stm32f1xx_hal_cortex.o
    0x08002464   0x08002464   0x000000d4   Code   RO         1082    i.HAL_RCCEx_GetPeriphCLKFreq  stm32f1xx_hal_rcc_ex.o
    0x08002538   0x08002538   0x000000ec   Code   RO         1083    i.HAL_RCCEx_PeriphCLKConfig  stm32f1xx_hal_rcc_ex.o
    0x08002624   0x08002624   0x0000012c   Code   RO          980    i.HAL_RCC_ClockConfig  stm32f1xx_hal_rcc.o
    0x08002750   0x08002750   0x00000020   Code   RO          987    i.HAL_RCC_GetPCLK1Freq  stm32f1xx_hal_rcc.o
    0x08002770   0x08002770   0x00000020   Code   RO          988    i.HAL_RCC_GetPCLK2Freq  stm32f1xx_hal_rcc.o
    0x08002790   0x08002790   0x0000006c   Code   RO          989    i.HAL_RCC_GetSysClockFreq  stm32f1xx_hal_rcc.o
    0x080027fc   0x080027fc   0x00000320   Code   RO          992    i.HAL_RCC_OscConfig  stm32f1xx_hal_rcc.o
    0x08002b1c   0x08002b1c   0x00000028   Code   RO         1291    i.HAL_SYSTICK_Config  stm32f1xx_hal_cortex.o
    0x08002b44   0x08002b44   0x0000007c   Code   RO         2937    i.HAL_TIMEx_MasterConfigSynchronization  stm32f1xx_hal_tim_ex.o
    0x08002bc0   0x08002bc0   0x00000048   Code   RO          298    i.HAL_TIM_MspPostInit  tim.o
    0x08002c08   0x08002c08   0x000000c6   Code   RO         2286    i.HAL_TIM_PWM_ConfigChannel  stm32f1xx_hal_tim.o
    0x08002cce   0x08002cce   0x0000005a   Code   RO         2289    i.HAL_TIM_PWM_Init  stm32f1xx_hal_tim.o
    0x08002d28   0x08002d28   0x00000028   Code   RO          300    i.HAL_TIM_PWM_MspInit  tim.o
    0x08002d50   0x08002d50   0x000000b4   Code   RO         2294    i.HAL_TIM_PWM_Start  stm32f1xx_hal_tim.o
    0x08002e04   0x08002e04   0x00000062   Code   RO         3214    i.HAL_UART_Init     stm32f1xx_hal_uart.o
    0x08002e66   0x08002e66   0x00000002   PAD
    0x08002e68   0x08002e68   0x000000bc   Code   RO          347    i.HAL_UART_MspInit  usart.o
    0x08002f24   0x08002f24   0x000000b2   Code   RO         3222    i.HAL_UART_Transmit  stm32f1xx_hal_uart.o
    0x08002fd6   0x08002fd6   0x00000002   Code   RO          396    i.HardFault_Handler  stm32f1xx_it.o
    0x08002fd8   0x08002fd8   0x0000002e   Code   RO         1833    i.I2C_IsAcknowledgeFailed  stm32f1xx_hal_i2c.o
    0x08003006   0x08003006   0x00000002   PAD
    0x08003008   0x08003008   0x000000ec   Code   RO         1836    i.I2C_MasterRequestRead  stm32f1xx_hal_i2c.o
    0x080030f4   0x080030f4   0x0000009c   Code   RO         1837    i.I2C_MasterRequestWrite  stm32f1xx_hal_i2c.o
    0x08003190   0x08003190   0x0000004c   Code   RO         1848    i.I2C_WaitOnBTFFlagUntilTimeout  stm32f1xx_hal_i2c.o
    0x080031dc   0x080031dc   0x00000068   Code   RO         1849    i.I2C_WaitOnFlagUntilTimeout  stm32f1xx_hal_i2c.o
    0x08003244   0x08003244   0x00000096   Code   RO         1850    i.I2C_WaitOnMasterAddressFlagUntilTimeout  stm32f1xx_hal_i2c.o
    0x080032da   0x080032da   0x00000066   Code   RO         1851    i.I2C_WaitOnRXNEFlagUntilTimeout  stm32f1xx_hal_i2c.o
    0x08003340   0x08003340   0x0000004c   Code   RO         1852    i.I2C_WaitOnTXEFlagUntilTimeout  stm32f1xx_hal_i2c.o
    0x0800338c   0x0800338c   0x000000a0   Code   RO         3580    i.MQ4_Calibrate     mq4.o
    0x0800342c   0x0800342c   0x0000000c   Code   RO         3581    i.MQ4_GetCalibStatus  mq4.o
    0x08003438   0x08003438   0x00000004   Code   RO         3582    i.MQ4_GetCalibrationTotal  mq4.o
    0x0800343c   0x0800343c   0x00000018   Code   RO         3583    i.MQ4_GetRemainingTime  mq4.o
    0x08003454   0x08003454   0x0000000c   Code   RO         3584    i.MQ4_GetSampleCount  mq4.o
    0x08003460   0x08003460   0x00000014   Code   RO         3585    i.MQ4_Init          mq4.o
    0x08003474   0x08003474   0x00000098   Code   RO         3586    i.MQ4_ReadPPM       mq4.o
    0x0800350c   0x0800350c   0x00000050   Code   RO          210    i.MX_ADC1_Init      adc.o
    0x0800355c   0x0800355c   0x00000050   Code   RO          211    i.MX_ADC2_Init      adc.o
    0x080035ac   0x080035ac   0x000000cc   Code   RO          184    i.MX_GPIO_Init      gpio.o
    0x08003678   0x08003678   0x00000040   Code   RO          258    i.MX_I2C2_Init      i2c.o
    0x080036b8   0x080036b8   0x00000074   Code   RO          301    i.MX_TIM3_Init      tim.o
    0x0800372c   0x0800372c   0x00000038   Code   RO          348    i.MX_UART4_Init     usart.o
    0x08003764   0x08003764   0x00000038   Code   RO          349    i.MX_USART1_UART_Init  usart.o
    0x0800379c   0x0800379c   0x00000002   Code   RO          397    i.MemManage_Handler  stm32f1xx_it.o
    0x0800379e   0x0800379e   0x00000002   Code   RO          398    i.NMI_Handler       stm32f1xx_it.o
    0x080037a0   0x080037a0   0x00000002   Code   RO          399    i.PendSV_Handler    stm32f1xx_it.o
    0x080037a2   0x080037a2   0x00000002   Code   RO          400    i.SVC_Handler       stm32f1xx_it.o
    0x080037a4   0x080037a4   0x00000004   Code   RO          401    i.SysTick_Handler   stm32f1xx_it.o
    0x080037a8   0x080037a8   0x0000007a   Code   RO           15    i.SystemClock_Config  main.o
    0x08003822   0x08003822   0x00000002   Code   RO         3543    i.SystemInit        system_stm32f1xx.o
    0x08003824   0x08003824   0x0000008c   Code   RO         2307    i.TIM_Base_SetConfig  stm32f1xx_hal_tim.o
    0x080038b0   0x080038b0   0x0000001a   Code   RO         2308    i.TIM_CCxChannelCmd  stm32f1xx_hal_tim.o
    0x080038ca   0x080038ca   0x00000002   PAD
    0x080038cc   0x080038cc   0x00000060   Code   RO         2320    i.TIM_OC1_SetConfig  stm32f1xx_hal_tim.o
    0x0800392c   0x0800392c   0x0000006c   Code   RO         2321    i.TIM_OC2_SetConfig  stm32f1xx_hal_tim.o
    0x08003998   0x08003998   0x00000068   Code   RO         2322    i.TIM_OC3_SetConfig  stm32f1xx_hal_tim.o
    0x08003a00   0x08003a00   0x00000050   Code   RO         2323    i.TIM_OC4_SetConfig  stm32f1xx_hal_tim.o
    0x08003a50   0x08003a50   0x000000b8   Code   RO         3240    i.UART_SetConfig    stm32f1xx_hal_uart.o
    0x08003b08   0x08003b08   0x00000064   Code   RO         3243    i.UART_WaitOnFlagUntilTimeout  stm32f1xx_hal_uart.o
    0x08003b6c   0x08003b6c   0x00000002   Code   RO          402    i.UsageFault_Handler  stm32f1xx_it.o
    0x08003b6e   0x08003b6e   0x00000028   Code   RO         3920    i.__ARM_fpclassify  m_ws.l(fpclassify.o)
    0x08003b96   0x08003b96   0x00000020   Code   RO         1293    i.__NVIC_SetPriority  stm32f1xx_hal_cortex.o
    0x08003bb6   0x08003bb6   0x000000aa   Code   RO         3932    i.__kernel_poly     m_ws.l(poly.o)
    0x08003c60   0x08003c60   0x00000010   Code   RO         3906    i.__mathlib_dbl_divzero  m_ws.l(dunder.o)
    0x08003c70   0x08003c70   0x00000006   Code   RO         3907    i.__mathlib_dbl_infnan  m_ws.l(dunder.o)
    0x08003c76   0x08003c76   0x00000004   Code   RO         3908    i.__mathlib_dbl_infnan2  m_ws.l(dunder.o)
    0x08003c7a   0x08003c7a   0x0000000c   Code   RO         3909    i.__mathlib_dbl_invalid  m_ws.l(dunder.o)
    0x08003c86   0x08003c86   0x0000000e   Code   RO         3910    i.__mathlib_dbl_overflow  m_ws.l(dunder.o)
    0x08003c94   0x08003c94   0x00000010   Code   RO         3912    i.__mathlib_dbl_underflow  m_ws.l(dunder.o)
    0x08003ca4   0x08003ca4   0x0000000e   Code   RO         3795    i._is_digit         c_w.l(__printf_wp.o)
    0x08003cb2   0x08003cb2   0x00000002   PAD
    0x08003cb4   0x08003cb4   0x00000028   Code   RO         3658    i.delay_us          dht11.o
    0x08003cdc   0x08003cdc   0x0000035c   Code   RO         3923    i.log               m_ws.l(log.o)
    0x08004038   0x08004038   0x000000e4   Code   RO         3852    i.log10             m_ws.l(log10.o)
    0x0800411c   0x0800411c   0x00000224   Code   RO           16    i.main              main.o
    0x08004340   0x08004340   0x000009d8   Code   RO         3860    i.pow               m_ws.l(pow.o)
    0x08004d18   0x08004d18   0x00000020   Code   RO         3587    i.read_adc          mq4.o
    0x08004d38   0x08004d38   0x00000032   Code   RO         3701    i.sgp30_crc         sgp30.o
    0x08004d6a   0x08004d6a   0x00000002   PAD
    0x08004d6c   0x08004d6c   0x00000054   Code   RO         3702    i.sgp30_init        sgp30.o
    0x08004dc0   0x08004dc0   0x00000078   Code   RO         3703    i.sgp30_read        sgp30.o
    0x08004e38   0x08004e38   0x0000004c   Code   RO         3936    i.sqrt              m_ws.l(sqrt.o)
    0x08004e84   0x08004e84   0x0000002c   Code   RO         4000    locale$$code        c_w.l(lc_numeric_c.o)
    0x08004eb0   0x08004eb0   0x00000062   Code   RO         3815    x$fpl$d2f           fz_ws.l(d2f.o)
    0x08004f12   0x08004f12   0x00000002   PAD
    0x08004f14   0x08004f14   0x00000150   Code   RO         3817    x$fpl$dadd          fz_ws.l(daddsub_clz.o)
    0x08005064   0x08005064   0x00000010   Code   RO         4002    x$fpl$dcheck1       fz_ws.l(dcheck1.o)
    0x08005074   0x08005074   0x00000018   Code   RO         4074    x$fpl$dcmpinf       fz_ws.l(dcmpi.o)
    0x0800508c   0x0800508c   0x000002b0   Code   RO         3824    x$fpl$ddiv          fz_ws.l(ddiv.o)
    0x0800533c   0x0800533c   0x00000078   Code   RO         4004    x$fpl$deqf          fz_ws.l(deqf.o)
    0x080053b4   0x080053b4   0x0000002e   Code   RO         3884    x$fpl$dflt          fz_ws.l(dflt_clz.o)
    0x080053e2   0x080053e2   0x00000002   PAD
    0x080053e4   0x080053e4   0x00000078   Code   RO         4006    x$fpl$dleqf         fz_ws.l(dleqf.o)
    0x0800545c   0x0800545c   0x00000154   Code   RO         3889    x$fpl$dmul          fz_ws.l(dmul.o)
    0x080055b0   0x080055b0   0x0000009c   Code   RO         3891    x$fpl$dnaninf       fz_ws.l(dnaninf.o)
    0x0800564c   0x0800564c   0x0000000c   Code   RO         3893    x$fpl$dretinf       fz_ws.l(dretinf.o)
    0x08005658   0x08005658   0x0000006c   Code   RO         3895    x$fpl$drleqf        fz_ws.l(drleqf.o)
    0x080056c4   0x080056c4   0x00000016   Code   RO         3818    x$fpl$drsb          fz_ws.l(daddsub_clz.o)
    0x080056da   0x080056da   0x00000002   PAD
    0x080056dc   0x080056dc   0x000001cc   Code   RO         4008    x$fpl$dsqrt         fz_ws.l(dsqrt_noumaal.o)
    0x080058a8   0x080058a8   0x000001d4   Code   RO         3819    x$fpl$dsub          fz_ws.l(daddsub_clz.o)
    0x08005a7c   0x08005a7c   0x00000056   Code   RO         3827    x$fpl$f2d           fz_ws.l(f2d.o)
    0x08005ad2   0x08005ad2   0x00000002   PAD
    0x08005ad4   0x08005ad4   0x000000c4   Code   RO         3829    x$fpl$fadd          fz_ws.l(faddsub_clz.o)
    0x08005b98   0x08005b98   0x0000000c   Code   RO         3897    x$fpl$fcheck1       fz_ws.l(fcheck1.o)
    0x08005ba4   0x08005ba4   0x00000184   Code   RO         3836    x$fpl$fdiv          fz_ws.l(fdiv.o)
    0x08005d28   0x08005d28   0x00000026   Code   RO         3839    x$fpl$ffltu         fz_ws.l(fflt_clz.o)
    0x08005d4e   0x08005d4e   0x00000002   PAD
    0x08005d50   0x08005d50   0x00000102   Code   RO         3845    x$fpl$fmul          fz_ws.l(fmul.o)
    0x08005e52   0x08005e52   0x0000008c   Code   RO         3899    x$fpl$fnaninf       fz_ws.l(fnaninf.o)
    0x08005ede   0x08005ede   0x0000000a   Code   RO         3901    x$fpl$fretinf       fz_ws.l(fretinf.o)
    0x08005ee8   0x08005ee8   0x000000ea   Code   RO         3831    x$fpl$fsub          fz_ws.l(faddsub_clz.o)
    0x08005fd2   0x08005fd2   0x00000004   Code   RO         3847    x$fpl$printf1       fz_ws.l(printf1.o)
    0x08005fd6   0x08005fd6   0x00000064   Code   RO         4012    x$fpl$retnan        fz_ws.l(retnan.o)
    0x0800603a   0x0800603a   0x0000005c   Code   RO         3903    x$fpl$scalbn        fz_ws.l(scalbn.o)
    0x08006096   0x08006096   0x0000004c   Code   RO         3849    x$fpl$scalbnf       fz_ws.l(scalbnf.o)
    0x080060e2   0x080060e2   0x00000030   Code   RO         4076    x$fpl$trapveneer    fz_ws.l(trapv.o)
    0x08006112   0x08006112   0x00000000   Code   RO         3905    x$fpl$usenofp       fz_ws.l(usenofp.o)
    0x08006112   0x08006112   0x00000010   Data   RO         3544    .constdata          system_stm32f1xx.o
    0x08006122   0x08006122   0x00000008   Data   RO         3545    .constdata          system_stm32f1xx.o
    0x0800612a   0x0800612a   0x00000006   PAD
    0x08006130   0x08006130   0x00000088   Data   RO         3861    .constdata          m_ws.l(pow.o)
    0x080061b8   0x080061b8   0x00000038   Data   RO         3924    .constdata          m_ws.l(log.o)
    0x080061f0   0x080061f0   0x00000008   Data   RO         3934    .constdata          m_ws.l(qnan.o)
    0x080061f8   0x080061f8   0x00000094   Data   RO         3975    .constdata          c_w.l(bigflt0.o)
    0x0800628c   0x0800628c   0x00000073   Data   RO           17    .conststring        main.o
    0x080062ff   0x080062ff   0x00000001   PAD
    0x08006300   0x08006300   0x00000020   Data   RO         4159    Region$$Table       anon$$obj.o
    0x08006320   0x08006320   0x0000001c   Data   RO         3999    locale$$data        c_w.l(lc_numeric_c.o)


    Execution Region RW_IRAM1 (Exec base: 0x20000000, Load base: 0x0800633c, Size: 0x00000820, Max: 0x0000c000, ABSOLUTE)

    Exec Addr    Load Addr    Size         Type   Attr      Idx    E Section Name        Object

    0x20000000   0x0800633c   0x00000004   Data   RW           18    .data               main.o
    0x20000004   0x08006340   0x0000000c   Data   RW          830    .data               stm32f1xx_hal.o
    0x20000010   0x0800634c   0x00000004   Data   RW         3546    .data               system_stm32f1xx.o
    0x20000014   0x08006350   0x00000008   Data   RW         3589    .data               mq4.o
    0x2000001c   0x08006358   0x00000008   Data   RW         3659    .data               dht11.o
    0x20000024   0x08006360   0x00000008   Data   RW         3743    .data               gp2y1014au.o
    0x2000002c        -       0x00000060   Zero   RW          212    .bss                adc.o
    0x2000008c        -       0x00000054   Zero   RW          259    .bss                i2c.o
    0x200000e0        -       0x00000048   Zero   RW          302    .bss                tim.o
    0x20000128        -       0x00000088   Zero   RW          350    .bss                usart.o
    0x200001b0        -       0x00000010   Zero   RW         3588    .bss                mq4.o
    0x200001c0        -       0x00000060   Zero   RW         4015    .bss                c_w.l(libspace.o)
    0x20000220        -       0x00000200   Zero   RW            2    HEAP                startup_stm32f103xe.o
    0x20000420        -       0x00000400   Zero   RW            1    STACK               startup_stm32f103xe.o


==============================================================================

Image component sizes


      Code (inc. data)   RO Data    RW Data    ZI Data      Debug   Object Name

       296         36          0          0         96       2278   adc.o
       412         26          0          8          0       3474   dht11.o
       164         40          0          8          0       2023   gp2y1014au.o
       204         14          0          0          0        983   gpio.o
       160         28          0          0         84       1617   i2c.o
       710        204        115          4          0     512503   main.o
       416         94          0          8         16       5116   mq4.o
       254         48          0          0          0       3015   sgp30.o
        64         26        304          0       1536        808   startup_stm32f103xe.o
       164         28          0         12          0       6485   stm32f1xx_hal.o
      1264         58          0          0          0       6556   stm32f1xx_hal_adc.o
       172         14          0          0          0      28294   stm32f1xx_hal_cortex.o
       524         42          0          0          0       3519   stm32f1xx_hal_gpio.o
      2218         54          0          0          0      12302   stm32f1xx_hal_i2c.o
        60          8          0          0          0        866   stm32f1xx_hal_msp.o
      1272        100          0          0          0       5172   stm32f1xx_hal_rcc.o
       448         44          0          0          0       2561   stm32f1xx_hal_rcc_ex.o
      1022         76          0          0          0       7978   stm32f1xx_hal_tim.o
       124         20          0          0          0       1320   stm32f1xx_hal_tim_ex.o
       560          6          0          0          0       3928   stm32f1xx_hal_uart.o
        20          0          0          0          0       3842   stm32f1xx_it.o
         2          0         24          4          0       1107   system_stm32f1xx.o
       228         32          0          0         72       2203   tim.o
       300         38          0          0        136       2313   usart.o

    ----------------------------------------------------------------------
     11074       1036        482         44       1940     620263   Object Totals
         0          0         32          0          0          0   (incl. Generated)
        16          0          7          0          0          0   (incl. Padding)

    ----------------------------------------------------------------------

      Code (inc. data)   RO Data    RW Data    ZI Data      Debug   Library Member Name

        56          6          0          0          0         88   __2snprintf.o
         8          0          0          0          0         68   __main.o
       284          0          0          0          0        156   __printf_wp.o
         0          0          0          0          0          0   __rtentry.o
        12          0          0          0          0          0   __rtentry2.o
         6          0          0          0          0          0   __rtentry4.o
        52          8          0          0          0          0   __scatter.o
        26          0          0          0          0          0   __scatter_copy.o
        28          0          0          0          0          0   __scatter_zi.o
        48          6          0          0          0         96   _printf_char_common.o
         6          0          0          0          0          0   _printf_d.o
       120         16          0          0          0         92   _printf_dec.o
         6          0          0          0          0          0   _printf_f.o
      1054          0          0          0          0        216   _printf_fp_dec.o
       128         16          0          0          0         84   _printf_fp_infnan.o
       178          0          0          0          0         88   _printf_intcommon.o
         0          0          0          0          0          0   _printf_percent.o
         4          0          0          0          0          0   _printf_percent_end.o
         6          0          0          0          0          0   _printf_u.o
        22          0          0          0          0        100   _rserrno.o
        16          0          0          0          0         68   _snputc.o
        10          0          0          0          0         68   _sputc.o
       228          4        148          0          0         96   bigflt0.o
      1936        128          0          0          0        672   btod.o
        18          0          0          0          0         80   exit.o
         6          0          0          0          0        152   heapauxi.o
         0          0          0          0          0          0   indicate_semi.o
        44         10         28          0          0         76   lc_numeric_c.o
         2          0          0          0          0          0   libinit.o
        18          0          0          0          0          0   libinit2.o
         2          0          0          0          0          0   libshutdown.o
         2          0          0          0          0          0   libshutdown2.o
         8          4          0          0         96         68   libspace.o
       138          0          0          0          0         80   lludiv10.o
         8          4          0          0          0         68   rt_errno_addr_intlibspace.o
         8          4          0          0          0         68   rt_locale_intlibspace.o
        78          0          0          0          0         80   rt_memclr_w.o
         2          0          0          0          0          0   rtexit.o
        10          0          0          0          0          0   rtexit2.o
       128          0          0          0          0         68   strcmpv7m.o
        12          4          0          0          0         68   sys_exit.o
        74          0          0          0          0         80   sys_stackheap_outer.o
         2          0          0          0          0         68   use_no_semi.o
        98          4          0          0          0         92   d2f.o
       826         16          0          0          0        348   daddsub_clz.o
        16          4          0          0          0         68   dcheck1.o
        24          0          0          0          0         68   dcmpi.o
       688        140          0          0          0        208   ddiv.o
       120          4          0          0          0         92   deqf.o
        46          0          0          0          0         68   dflt_clz.o
       120          4          0          0          0         92   dleqf.o
       340         12          0          0          0        104   dmul.o
       156          4          0          0          0         92   dnaninf.o
        12          0          0          0          0         68   dretinf.o
       108          0          0          0          0         80   drleqf.o
       460         56          0          0          0        120   dsqrt_noumaal.o
        86          4          0          0          0         84   f2d.o
       430          8          0          0          0        168   faddsub_clz.o
        12          4          0          0          0         68   fcheck1.o
       388         76          0          0          0         96   fdiv.o
        38          0          0          0          0         68   fflt_clz.o
       258          4          0          0          0         84   fmul.o
       140          4          0          0          0         84   fnaninf.o
        10          0          0          0          0         68   fretinf.o
         4          0          0          0          0         68   printf1.o
       100          0          0          0          0         68   retnan.o
        92          0          0          0          0         68   scalbn.o
        76          0          0          0          0         68   scalbnf.o
        48          0          0          0          0         68   trapv.o
         0          0          0          0          0          0   usenofp.o
        68         10          0          0          0        408   dunder.o
        40          0          0          0          0         68   fpclassify.o
       860         52         56          0          0        256   log.o
       228         30          0          0          0        120   log10.o
       170          0          0          0          0         96   poly.o
      2520        190        136          0          0        324   pow.o
         0          0          8          0          0          0   qnan.o
        76          0          0          0          0         84   sqrt.o

    ----------------------------------------------------------------------
     13472        836        376          0         96       6764   Library Totals
        20          0          0          0          0          0   (incl. Padding)

    ----------------------------------------------------------------------

      Code (inc. data)   RO Data    RW Data    ZI Data      Debug   Library Name

      4794        210        176          0         96       2848   c_w.l
      4696        344          0          0          0       2560   fz_ws.l
      3962        282        200          0          0       1356   m_ws.l

    ----------------------------------------------------------------------
     13472        836        376          0         96       6764   Library Totals

    ----------------------------------------------------------------------

==============================================================================


      Code (inc. data)   RO Data    RW Data    ZI Data      Debug   

     24546       1872        858         44       2036     618703   Grand Totals
     24546       1872        858         44       2036     618703   ELF Image Totals
     24546       1872        858         44          0          0   ROM Totals

==============================================================================

    Total RO  Size (Code + RO Data)                25404 (  24.81kB)
    Total RW  Size (RW Data + ZI Data)              2080 (   2.03kB)
    Total ROM Size (Code + RO Data + RW Data)      25448 (  24.85kB)

==============================================================================

